<area shape="rect" href="$classdocumentclassifier_1_1DocumentClassifierApp.html" title="documentclassifier.DocumentClassifierApp" alt="" coords="360,32,656,59">
<area shape="rect" title="application" alt="" coords="597,28,605,36">
<area shape="rect" title="application" alt="" coords="1803,29,1811,37">
<area shape="rect" href="$classdocumentclassifier_1_1MapDefaultPreferences.html" title="documentclassifier.MapDefaultPreferences" alt="" coords="861,33,1160,60">
<area shape="rect" title="application" alt="" coords="652,41,660,49">
<area shape="rect" title="application" alt="" coords="857,43,865,51">
<area shape="rect" href="$classdocumentclassifier_1_1PreferencesDialog.html" title="documentclassifier.PreferencesDialog" alt="" coords="1319,33,1580,60">
<area shape="rect" title="application" alt="" coords="569,56,577,64">
<area shape="rect" title="application" alt="" coords="1368,57,1376,65">
<area shape="rect" title="mapDefaultPreferences" alt="" coords="908,57,916,65">
<area shape="rect" title="mapDefaultPreferences" alt="" coords="595,56,603,64">
<area shape="rect" title="mapPreferences" alt="" coords="1156,43,1164,51">
<area shape="rect" title="mapPreferences" alt="" coords="1315,43,1323,51">
<area shape="rect" href="$interfacedocumentclassifier_1_1Scrapers_1_1Scraper.html" title="documentclassifier.Scrapers.Scraper" alt="" coords="5,32,261,59">
<area shape="rect" title="Scraper" alt="" coords="257,41,265,49">
<area shape="rect" title="Scraper" alt="" coords="356,41,364,49">
<area shape="rect" href="$classdocumentclassifier_1_1Document.html" title="documentclassifier.Document" alt="" coords="1344,84,1555,111">
<area shape="rect" title="currentQuery" alt="" coords="1552,83,1560,91">
<area shape="rect" title="currentQuery" alt="" coords="1788,57,1796,65">
<area shape="rect" title="preferencesDialog" alt="" coords="1577,43,1585,51">
<area shape="rect" title="preferencesDialog" alt="" coords="1743,43,1751,51">
