<area shape="rect" href="$classansascraper_1_1Yylex.html#a1eed14402eb10893a86b35dfc5c89df" title="ansascraper.Yylex.replaceSpecialCharacters" alt="" coords="269,5,576,32">
<area shape="rect" href="$classansascraper_1_1Yylex.html#7f4fcd07551d935e9692532b00dd7871" title="ansascraper.Yylex.yy_advance" alt="" coords="313,56,532,83">
<area shape="rect" href="$classansascraper_1_1Yylex.html#c9683d7346f5d0a7130d758729299a0c" title="ansascraper.Yylex.yy_error" alt="" coords="324,107,521,133">
<area shape="rect" href="$classansascraper_1_1Yylex.html#a9c426d2d59a0d92d79c4bd2faa8d42e" title="ansascraper.Yylex.yy_mark_end" alt="" coords="308,157,537,184">
<area shape="rect" href="$classansascraper_1_1Yylex.html#68fc1a161b955bc2e36717acf89f7b30" title="ansascraper.Yylex.yy_mark_start" alt="" coords="305,208,540,235">
<area shape="rect" href="$classansascraper_1_1Yylex.html#c8f5b92aed1878cf537a243be35dacb8" title="ansascraper.Yylex.yy_move_end" alt="" coords="307,259,539,285">
<area shape="rect" href="$classansascraper_1_1Yylex.html#bff5b13503b27c03adf83647c270632b" title="ansascraper.Yylex.yy_to_mark" alt="" coords="313,309,532,336">
<area shape="rect" href="$classansascraper_1_1Yylex.html#7ec6ae166bec8bccb4150549464f5ec8" title="ansascraper.Yylex.yybegin" alt="" coords="327,360,519,387">
<area shape="rect" href="$classansascraper_1_1Yylex.html#3a75d494d34b68c2873e289c2a900a63" title="ansascraper.Yylex.yytext" alt="" coords="331,411,515,437">
<area shape="rect" href="$classansascraper_1_1Yylex.html#3b652c26bdd5ce43bd11e75b9dafac85" title="ansascraper.Yylex.yy_double" alt="" coords="624,56,832,83">
