<area shape="rect" href="$classJLex_1_1CSet.html#8f4d2ad0a7597589dc2fd640db7f3d70" title="JLex.CSet.contains" alt="" coords="240,19,384,45">
<area shape="rect" href="$classJLex_1_1SparseBitSet.html#438adc92dab470431e300899612a0564" title="JLex.SparseBitSet.set" alt="" coords="231,81,393,108">
<area shape="rect" href="$classJLex_1_1CNfa2Dfa.html#505962dbcbb0c2464bcf58bd2832e734" title="JLex.CNfa2Dfa.sortStates" alt="" coords="216,132,408,159">
<area shape="rect" href="$classJLex_1_1SparseBitSet.html#63303ee738d84b6288fe4c535702e98a" title="JLex.SparseBitSet.get" alt="" coords="479,5,641,32">
<area shape="rect" href="$classJLex_1_1SparseBitSet.html#d224d2f4f64d36f75d8ad4d9e90ae70a" title="JLex.SparseBitSet.bsearch" alt="" coords="713,56,905,83">
<area shape="rect" href="$classJLex_1_1SparseBitSet.html#b6b4ab185612eee07da6957e0c4108f7" title="JLex.SparseBitSet.size" alt="" coords="956,56,1121,83">
<area shape="rect" href="$classJLex_1_1SparseBitSet.html#1ee95f048635524de89414598d1b8cd8" title="JLex.SparseBitSet.new_block" alt="" coords="456,107,664,133">
