<area shape="rect" href="$classJLex_1_1CLexGen.html" title="JLex.CLexGen" alt="" coords="209,332,324,359">
<area shape="rect" title="m_makeNfa" alt="" coords="331,257,339,265">
<area shape="rect" title="m_makeNfa" alt="" coords="299,328,307,336">
<area shape="rect" href="$classJLex_1_1CInput.html" title="JLex.CInput" alt="" coords="47,137,143,164">
<area shape="rect" title="m_input" alt="" coords="127,161,135,169">
<area shape="rect" title="m_input" alt="" coords="295,229,303,237">
<area shape="rect" title="m_input" alt="" coords="71,161,79,169">
<area shape="rect" title="m_input" alt="" coords="205,329,213,337">
<area shape="rect" title="m_lexGen" alt="" coords="260,328,268,336">
<area shape="rect" title="m_lexGen" alt="" coords="289,257,297,265">
<area shape="rect" href="$classJLex_1_1CNfa2Dfa.html" title="JLex.CNfa2Dfa" alt="" coords="75,527,195,553">
<area shape="rect" title="m_lexGen" alt="" coords="205,353,213,361">
<area shape="rect" title="m_lexGen" alt="" coords="119,523,127,531">
<area shape="rect" href="$classJLex_1_1CSpec.html" title="JLex.CSpec" alt="" coords="345,431,441,457">
<area shape="rect" title="m_lexGen" alt="" coords="267,356,275,364">
<area shape="rect" title="m_lexGen" alt="" coords="341,428,349,436">
<area shape="rect" href="$classJLex_1_1SparseBitSet.html" title="JLex.SparseBitSet" alt="" coords="535,137,673,164">
<area shape="rect" title="all_states" alt="" coords="587,161,595,169">
<area shape="rect" title="all_states" alt="" coords="320,332,328,340">
<area shape="rect" href="$classJLex_1_1CNfa.html" title="JLex.CNfa" alt="" coords="603,332,691,359">
<area shape="rect" title="m_states" alt="" coords="600,161,608,169">
<area shape="rect" title="m_states" alt="" coords="636,328,644,336">
<area shape="rect" href="$classJLex_1_1CSet.html" title="JLex.CSet" alt="" coords="688,233,773,260">
<area shape="rect" title="m_set" alt="" coords="620,161,628,169">
<area shape="rect" title="m_set" alt="" coords="709,229,717,237">
<area shape="rect" href="$interfaceJLex_1_1SparseBitSet_1_1BinOp.html" title="JLex.SparseBitSet.BinOp" alt="" coords="513,7,695,33">
<area shape="rect" title="OR\nAND\nXOR" alt="" coords="600,31,608,39">
<area shape="rect" title="OR\nAND\nXOR" alt="" coords="600,133,608,141">
<area shape="rect" title="m_nfa2dfa" alt="" coords="133,523,141,531">
<area shape="rect" title="m_nfa2dfa" alt="" coords="243,356,251,364">
<area shape="rect" title="m_spec" alt="" coords="407,427,415,435">
<area shape="rect" title="m_spec" alt="" coords="388,257,396,265">
<area shape="rect" title="m_spec" alt="" coords="385,427,393,435">
<area shape="rect" title="m_spec" alt="" coords="316,356,324,364">
<area shape="rect" title="m_spec" alt="" coords="349,455,357,463">
<area shape="rect" title="m_spec" alt="" coords="167,523,175,531">
<area shape="rect" href="$classJLex_1_1CEmit.html" title="JLex.CEmit" alt="" coords="284,527,377,553">
<area shape="rect" title="m_spec" alt="" coords="380,455,388,463">
<area shape="rect" title="m_spec" alt="" coords="335,523,343,531">
<area shape="rect" href="$classJLex_1_1CMinimize.html" title="JLex.CMinimize" alt="" coords="432,527,552,553">
<area shape="rect" title="m_spec" alt="" coords="405,455,413,463">
<area shape="rect" title="m_spec" alt="" coords="475,523,483,531">
<area shape="rect" title="m_nfa_start" alt="" coords="605,356,613,364">
<area shape="rect" title="m_nfa_start" alt="" coords="424,427,432,435">
<area shape="rect" title="m_next2\nm_next" alt="" coords="661,328,669,336">
<area shape="rect" title="m_next2\nm_next" alt="" coords="664,356,672,364">
<area shape="rect" href="$classJLex_1_1CAccept.html" title="JLex.CAccept" alt="" coords="797,233,904,260">
<area shape="rect" title="m_accept" alt="" coords="820,257,828,265">
<area shape="rect" title="m_accept" alt="" coords="675,328,683,336">
<area shape="rect" title="m_set" alt="" coords="713,257,721,265">
<area shape="rect" title="m_set" alt="" coords="655,328,663,336">
<area shape="rect" href="$classJLex_1_1CSimplifyNfa.html" title="JLex.CSimplifyNfa" alt="" coords="91,233,229,260">
<area shape="rect" title="m_simplifyNfa" alt="" coords="152,257,160,265">
<area shape="rect" title="m_simplifyNfa" alt="" coords="205,332,213,340">
<area shape="rect" title="m_emit" alt="" coords="295,523,303,531">
<area shape="rect" title="m_emit" alt="" coords="259,356,267,364">
<area shape="rect" title="m_minimize" alt="" coords="493,523,501,531">
<area shape="rect" title="m_minimize" alt="" coords="320,352,328,360">
