<area shape="rect" href="$classJLex_1_1CMakeNfa.html#d085403c655a61bfe2e09013ebf1b4a7" title="JLex.CMakeNfa.allocate_BOL_EOF" alt="" coords="235,183,480,209">
<area shape="rect" href="$classJLex_1_1CNfa2Dfa.html#cadfabd3019a50212211c3d0b2fdaf47" title="JLex.CNfa2Dfa.make_dfa" alt="" coords="264,233,451,260">
<area shape="rect" href="$classJLex_1_1CMinimize.html#93b7e8d700bd78c557bf10fa39ccaff3" title="JLex.CMinimize.min_dfa" alt="" coords="269,1107,445,1133">
<area shape="rect" href="$classJLex_1_1CLexGen.html#dd45be7b5d0e26c4e1058ac386d36f58" title="JLex.CLexGen.print_header" alt="" coords="257,728,457,755">
<area shape="rect" href="$classJLex_1_1CSimplifyNfa.html#2b21d9c9df19f40387b4e4413cf29df5" title="JLex.CSimplifyNfa.simplify" alt="" coords="545,563,737,589">
<area shape="rect" href="$classJLex_1_1CMakeNfa.html#9bb5c536fd9f8eb2dfdd8f7cbcfd332f" title="JLex.CMakeNfa.thompson" alt="" coords="261,779,453,805">
<area shape="rect" href="$classJLex_1_1CNfa2Dfa.html#5a42be66941c8fcebfbabbbc5ef2a813" title="JLex.CNfa2Dfa.free_dfa_states" alt="" coords="529,107,753,133">
<area shape="rect" href="$classJLex_1_1CNfa2Dfa.html#1707234a323c32fd06821b55add9b88c" title="JLex.CNfa2Dfa.free_nfa_states" alt="" coords="529,157,753,184">
<area shape="rect" href="$classJLex_1_1CNfa2Dfa.html#602ed768476020ba25de0cd1abf3f8ef" title="JLex.CNfa2Dfa.make_dtrans" alt="" coords="537,208,745,235">
<area shape="rect" href="$classJLex_1_1CNfa2Dfa.html#47b187b7b8669a201274ad20346c1351" title="JLex.CNfa2Dfa.reset" alt="" coords="563,259,720,285">
<area shape="rect" href="$classJLex_1_1CNfa2Dfa.html#dee864b3e84fc07f15e2700418910211" title="JLex.CNfa2Dfa.add_to_dstates" alt="" coords="817,5,1039,32">
<area shape="rect" href="$classJLex_1_1CNfa2Dfa.html#2caeed257dbc523e94e187b6c7ea6854" title="JLex.CNfa2Dfa.e_closure" alt="" coords="836,157,1020,184">
<area shape="rect" href="$classJLex_1_1SparseBitSet.html#438adc92dab470431e300899612a0564" title="JLex.SparseBitSet.set" alt="" coords="1129,461,1292,488">
<area shape="rect" href="$classJLex_1_1CNfa2Dfa.html#505962dbcbb0c2464bcf58bd2832e734" title="JLex.CNfa2Dfa.sortStates" alt="" coords="1115,208,1307,235">
<area shape="rect" href="$classJLex_1_1CNfa2Dfa.html#3e7205f05fe9cf0d4382bf098150c028" title="JLex.CNfa2Dfa.get_unmarked" alt="" coords="820,56,1036,83">
<area shape="rect" href="$classJLex_1_1CNfa2Dfa.html#a09fd2921b5560b6f30117eca0ae7b30" title="JLex.CNfa2Dfa.in_dstates" alt="" coords="833,107,1023,133">
<area shape="rect" href="$classJLex_1_1CNfa2Dfa.html#d6a964c7ce2d32dac84e35abc25cccb9" title="JLex.CNfa2Dfa.move" alt="" coords="848,259,1008,285">
<area shape="rect" href="$classJLex_1_1SparseBitSet.html#2e6537ce654cabcea750418b0578bb22" title="JLex.SparseBitSet.clone" alt="" coords="1123,5,1299,32">
<area shape="rect" href="$classJLex_1_1CLexGen.html#b91e7927af411fc3a12a29954482611a" title="JLex.CLexGen.print_set" alt="" coords="1124,56,1297,83">
<area shape="rect" href="$classJLex_1_1SparseBitSet.html#63303ee738d84b6288fe4c535702e98a" title="JLex.SparseBitSet.get" alt="" coords="1369,309,1532,336">
<area shape="rect" href="$classJLex_1_1SparseBitSet.html#d224d2f4f64d36f75d8ad4d9e90ae70a" title="JLex.SparseBitSet.bsearch" alt="" coords="1583,348,1775,375">
<area shape="rect" href="$classJLex_1_1CSet.html#8f4d2ad0a7597589dc2fd640db7f3d70" title="JLex.CSet.contains" alt="" coords="1139,259,1283,285">
<area shape="rect" href="$classJLex_1_1CMinimize.html#e4e7177e104feee9df49adec499c5b59" title="JLex.CMinimize.minimize" alt="" coords="551,1044,732,1071">
<area shape="rect" href="$classJLex_1_1CMinimize.html#a268aa07b6a5c18f8cd01babfc50f986" title="JLex.CMinimize.reduce" alt="" coords="557,1171,725,1197">
<area shape="rect" href="$classJLex_1_1CMinimize.html#0a3989f54d7cf8c1f14c6c1784acb3ea" title="JLex.CMinimize.reset" alt="" coords="563,1221,720,1248">
<area shape="rect" href="$classJLex_1_1CMinimize.html#f9b8e2faec49d2317f67cb5a25c93459" title="JLex.CMinimize.fix_dtrans" alt="" coords="835,968,1021,995">
<area shape="rect" href="$classJLex_1_1CMinimize.html#99d3b77951cd66847261f1813ac63475" title="JLex.CMinimize.init_groups" alt="" coords="832,1069,1024,1096">
<area shape="rect" href="$classJLex_1_1CMinimize.html#ae20f7e9f41131043a814f5f30a79b7a" title="JLex.CMinimize.pgroups" alt="" coords="1123,1044,1299,1071">
<area shape="rect" href="$classJLex_1_1CMinimize.html#372370315eb6c781d6e620a282c5576c" title="JLex.CMinimize.col_copy" alt="" coords="839,1120,1017,1147">
<area shape="rect" href="$classJLex_1_1CMinimize.html#d81ab6c90d4485de480505f5069eaa94" title="JLex.CMinimize.col_equiv" alt="" coords="837,1171,1019,1197">
<area shape="rect" href="$classJLex_1_1CMinimize.html#76137f208c8dd6057d1831008312d247" title="JLex.CMinimize.row_copy" alt="" coords="836,1221,1020,1248">
<area shape="rect" href="$classJLex_1_1CMinimize.html#c33886c3362b0f0df20887bd624c43b0" title="JLex.CMinimize.row_equiv" alt="" coords="833,1272,1023,1299">
<area shape="rect" href="$classJLex_1_1CMinimize.html#dfd2e8e6b5c28de379b5bf15186f7e7e" title="JLex.CMinimize.trunc_col" alt="" coords="837,1323,1019,1349">
<area shape="rect" href="$classJLex_1_1CLexGen.html#ce3dae028d6d9aa86a71d83a11363b7b" title="JLex.CLexGen.interp_int" alt="" coords="1121,816,1300,843">
<area shape="rect" href="$classJLex_1_1CSimplifyNfa.html#320589f4d609d4163d1584262a7eb0ac" title="JLex.CSimplifyNfa.computeClasses" alt="" coords="803,309,1053,336">
<area shape="rect" href="$classJLex_1_1CSet.html#da13315760e0aa5d329c2cdd3256957e" title="JLex.CSet.map" alt="" coords="868,613,988,640">
<area shape="rect" href="$classJLex_1_1SparseBitSet.html#16194d2ecccccab53a64598e9b834b72" title="JLex.SparseBitSet.and" alt="" coords="1128,360,1293,387">
<area shape="rect" href="$classJLex_1_1SparseBitSet.html#0d66faf01775c172ddaadc6f137fa3d5" title="JLex.SparseBitSet.clearAll" alt="" coords="1117,537,1304,564">
<area shape="rect" href="$classJLex_1_1SparseBitSet.html#de4463e9d3ce08656601ef04c1569c81" title="JLex.SparseBitSet.elements" alt="" coords="1109,613,1312,640">
<area shape="rect" href="$classJLex_1_1CMakeNfa.html#99b30cc7c2e33b5477409a08963195ba" title="JLex.CMakeNfa.machine" alt="" coords="551,613,732,640">
<area shape="rect" href="$classJLex_1_1CLexGen.html#4bb6586df688a0d484061abd891c50fc" title="JLex.CLexGen.print_nfa" alt="" coords="553,816,729,843">
<area shape="rect" href="$classJLex_1_1CMakeNfa.html#a76a5317ef1ed398c9a839339e8c7177" title="JLex.CMakeNfa.reset" alt="" coords="561,867,721,893">
<area shape="rect" href="$classJLex_1_1CSet.html#4ed4685c8807164943dcebdf702b6f7d" title="JLex.CSet.add" alt="" coords="871,512,985,539">
<area shape="rect" href="$classJLex_1_1CLexGen.html#ce499526e2413b340991f31b80142b30" title="JLex.CLexGen.advance" alt="" coords="1124,689,1297,716">
<area shape="rect" href="$classJLex_1_1CLexGen.html#f9b31a7590810421e93797ff32ab389d" title="JLex.CLexGen.getStates" alt="" coords="837,563,1019,589">
<area shape="rect" href="$classJLex_1_1CMakeNfa.html#a44c38cdd08e8d7822a93fa0aed28beb" title="JLex.CMakeNfa.processStates" alt="" coords="1101,411,1320,437">
<area shape="rect" href="$classJLex_1_1CMakeNfa.html#78f1939c605b3d081b22dc6e7fa0cd41" title="JLex.CMakeNfa.rule" alt="" coords="853,715,1003,741">
<area shape="rect" href="$classJLex_1_1CLexGen.html#5b0355b2b77b2c2ad196668bc31a63d8" title="JLex.CLexGen.plab" alt="" coords="856,917,1000,944">
<area shape="rect" href="$classJLex_1_1CLexGen.html#87618f290b6e0a6a8715d85f2bc8621a" title="JLex.CLexGen.printccl" alt="" coords="847,867,1009,893">
