<area shape="rect" title="m_next2\nm_next" alt="" coords="195,328,203,336">
<area shape="rect" title="m_next2\nm_next" alt="" coords="197,356,205,364">
<area shape="rect" href="$classJLex_1_1SparseBitSet.html" title="JLex.SparseBitSet" alt="" coords="27,137,165,164">
<area shape="rect" title="m_states" alt="" coords="81,161,89,169">
<area shape="rect" title="m_states" alt="" coords="143,328,151,336">
<area shape="rect" href="$classJLex_1_1CSet.html" title="JLex.CSet" alt="" coords="137,233,223,260">
<area shape="rect" title="m_set" alt="" coords="105,161,113,169">
<area shape="rect" title="m_set" alt="" coords="164,229,172,237">
<area shape="rect" href="$interfaceJLex_1_1SparseBitSet_1_1BinOp.html" title="JLex.SparseBitSet.BinOp" alt="" coords="5,7,187,33">
<area shape="rect" title="OR\nAND\nXOR" alt="" coords="92,31,100,39">
<area shape="rect" title="OR\nAND\nXOR" alt="" coords="92,133,100,141">
<area shape="rect" href="$classJLex_1_1CAccept.html" title="JLex.CAccept" alt="" coords="247,233,353,260">
<area shape="rect" title="m_accept" alt="" coords="277,257,285,265">
<area shape="rect" title="m_accept" alt="" coords="192,328,200,336">
<area shape="rect" title="m_set" alt="" coords="176,257,184,265">
<area shape="rect" title="m_set" alt="" coords="176,328,184,336">
