<area shape="rect" href="$classJLex_1_1CLexGen.html" title="JLex.CLexGen" alt="" coords="1408,248,1523,275">
<area shape="rect" title="m_spec" alt="" coords="991,256,999,264">
<area shape="rect" title="m_spec" alt="" coords="1436,272,1444,280">
<area shape="rect" href="$classJLex_1_1CMakeNfa.html" title="JLex.CMakeNfa" alt="" coords="1651,381,1773,408">
<area shape="rect" title="m_spec" alt="" coords="980,256,988,264">
<area shape="rect" title="m_spec" alt="" coords="1672,405,1680,413">
<area shape="rect" href="$classJLex_1_1CNfa2Dfa.html" title="JLex.CNfa2Dfa" alt="" coords="1652,200,1772,227">
<area shape="rect" title="m_spec" alt="" coords="984,228,992,236">
<area shape="rect" title="m_spec" alt="" coords="1684,196,1692,204">
<area shape="rect" href="$classJLex_1_1CEmit.html" title="JLex.CEmit" alt="" coords="1149,232,1243,259">
<area shape="rect" title="m_spec" alt="" coords="1023,241,1031,249">
<area shape="rect" title="m_spec" alt="" coords="1145,241,1153,249">
<area shape="rect" href="$classJLex_1_1CMinimize.html" title="JLex.CMinimize" alt="" coords="1136,283,1256,309">
<area shape="rect" title="m_spec" alt="" coords="1019,256,1027,264">
<area shape="rect" title="m_spec" alt="" coords="1132,283,1140,291">
<area shape="rect" href="$classJLex_1_1CNfa.html" title="JLex.CNfa" alt="" coords="715,180,803,207">
<area shape="rect" title="m_nfa_start" alt="" coords="799,200,807,208">
<area shape="rect" title="m_nfa_start" alt="" coords="927,229,935,237">
<area shape="rect" title="m_next2\nm_next" alt="" coords="723,176,731,184">
<area shape="rect" title="m_next2\nm_next" alt="" coords="787,176,795,184">
<area shape="rect" href="$classJLex_1_1SparseBitSet.html" title="JLex.SparseBitSet" alt="" coords="267,92,405,119">
<area shape="rect" title="m_states" alt="" coords="380,116,388,124">
<area shape="rect" title="m_states" alt="" coords="711,181,719,189">
<area shape="rect" href="$classJLex_1_1CSet.html" title="JLex.CSet" alt="" coords="505,92,591,119">
<area shape="rect" title="m_set" alt="" coords="401,101,409,109">
<area shape="rect" title="m_set" alt="" coords="501,101,509,109">
<area shape="rect" title="all_states" alt="" coords="353,88,361,96">
<area shape="rect" title="all_states" alt="" coords="1460,244,1468,252">
<area shape="rect" href="$interfaceJLex_1_1SparseBitSet_1_1BinOp.html" title="JLex.SparseBitSet.BinOp" alt="" coords="5,92,187,119">
<area shape="rect" title="OR\nAND\nXOR" alt="" coords="183,101,191,109">
<area shape="rect" title="OR\nAND\nXOR" alt="" coords="263,101,271,109">
<area shape="rect" href="$classJLex_1_1CAccept.html" title="JLex.CAccept" alt="" coords="495,208,601,235">
<area shape="rect" title="m_accept" alt="" coords="599,211,607,219">
<area shape="rect" title="m_accept" alt="" coords="711,195,719,203">
<area shape="rect" title="m_set" alt="" coords="588,108,596,116">
<area shape="rect" title="m_set" alt="" coords="740,176,748,184">
<area shape="rect" title="m_lexGen" alt="" coords="1433,244,1441,252">
<area shape="rect" title="m_lexGen" alt="" coords="1012,228,1020,236">
<area shape="rect" title="m_lexGen" alt="" coords="1468,272,1476,280">
<area shape="rect" title="m_lexGen" alt="" coords="1647,392,1655,400">
<area shape="rect" title="m_lexGen" alt="" coords="1519,267,1527,275">
<area shape="rect" title="m_lexGen" alt="" coords="1691,224,1699,232">
<area shape="rect" title="m_makeNfa" alt="" coords="1685,377,1693,385">
<area shape="rect" title="m_makeNfa" alt="" coords="1491,272,1499,280">
<area shape="rect" href="$classJLex_1_1CInput.html" title="JLex.CInput" alt="" coords="1148,403,1244,429">
<area shape="rect" title="m_input" alt="" coords="1241,404,1249,412">
<area shape="rect" title="m_input" alt="" coords="1455,272,1463,280">
<area shape="rect" title="m_input" alt="" coords="1241,409,1249,417">
<area shape="rect" title="m_input" alt="" coords="1647,393,1655,401">
<area shape="rect" title="m_nfa2dfa" alt="" coords="1648,220,1656,228">
<area shape="rect" title="m_nfa2dfa" alt="" coords="1519,244,1527,252">
<area shape="rect" href="$classJLex_1_1CSimplifyNfa.html" title="JLex.CSimplifyNfa" alt="" coords="1127,116,1265,143">
<area shape="rect" title="m_simplifyNfa" alt="" coords="1263,128,1271,136">
<area shape="rect" title="m_simplifyNfa" alt="" coords="1455,244,1463,252">
<area shape="rect" title="m_emit" alt="" coords="1240,244,1248,252">
<area shape="rect" title="m_emit" alt="" coords="1404,255,1412,263">
<area shape="rect" title="m_minimize" alt="" coords="1252,289,1260,297">
<area shape="rect" title="m_minimize" alt="" coords="1404,272,1412,280">
