<area shape="rect" href="$classJLex_1_1CMakeNfa.html" title="JLex.CMakeNfa" alt="" coords="952,57,1075,84">
<area shape="rect" title="m_lexGen" alt="" coords="587,213,595,221">
<area shape="rect" title="m_lexGen" alt="" coords="948,80,956,88">
<area shape="rect" href="$classJLex_1_1CSpec.html" title="JLex.CSpec" alt="" coords="757,303,853,329">
<area shape="rect" title="m_lexGen" alt="" coords="599,241,607,249">
<area shape="rect" title="m_lexGen" alt="" coords="755,299,763,307">
<area shape="rect" href="$classJLex_1_1CNfa2Dfa.html" title="JLex.CNfa2Dfa" alt="" coords="953,303,1073,329">
<area shape="rect" title="m_lexGen" alt="" coords="577,241,585,249">
<area shape="rect" title="m_lexGen" alt="" coords="993,327,1001,335">
<area shape="rect" href="$classJLex_1_1SparseBitSet.html" title="JLex.SparseBitSet" alt="" coords="5,385,144,412">
<area shape="rect" title="all_states" alt="" coords="93,381,101,389">
<area shape="rect" title="all_states" alt="" coords="511,237,519,245">
<area shape="rect" href="$classJLex_1_1CNfa.html" title="JLex.CNfa" alt="" coords="528,385,616,412">
<area shape="rect" title="m_states" alt="" coords="140,395,148,403">
<area shape="rect" title="m_states" alt="" coords="524,395,532,403">
<area shape="rect" href="$classJLex_1_1CSet.html" title="JLex.CSet" alt="" coords="260,447,345,473">
<area shape="rect" title="m_set" alt="" coords="105,409,113,417">
<area shape="rect" title="m_set" alt="" coords="256,449,264,457">
<area shape="rect" title="m_makeNfa" alt="" coords="959,53,967,61">
<area shape="rect" title="m_makeNfa" alt="" coords="571,213,579,221">
<area shape="rect" href="$classJLex_1_1CInput.html" title="JLex.CInput" alt="" coords="255,84,351,111">
<area shape="rect" title="m_input" alt="" coords="328,108,336,116">
<area shape="rect" title="m_input" alt="" coords="541,213,549,221">
<area shape="rect" title="m_input" alt="" coords="347,80,355,88">
<area shape="rect" title="m_input" alt="" coords="987,53,995,61">
<area shape="rect" title="m_spec" alt="" coords="753,323,761,331">
<area shape="rect" title="m_spec" alt="" coords="576,241,584,249">
<area shape="rect" title="m_spec" alt="" coords="815,299,823,307">
<area shape="rect" title="m_spec" alt="" coords="993,81,1001,89">
<area shape="rect" title="m_spec" alt="" coords="849,312,857,320">
<area shape="rect" title="m_spec" alt="" coords="949,312,957,320">
<area shape="rect" href="$classJLex_1_1CEmit.html" title="JLex.CEmit" alt="" coords="967,391,1060,417">
<area shape="rect" title="m_spec" alt="" coords="836,327,844,335">
<area shape="rect" title="m_spec" alt="" coords="977,387,985,395">
<area shape="rect" href="$classJLex_1_1CMinimize.html" title="JLex.CMinimize" alt="" coords="953,165,1073,192">
<area shape="rect" title="m_spec" alt="" coords="821,299,829,307">
<area shape="rect" title="m_spec" alt="" coords="987,189,995,197">
<area shape="rect" title="m_nfa_start" alt="" coords="612,389,620,397">
<area shape="rect" title="m_nfa_start" alt="" coords="783,327,791,335">
<area shape="rect" title="m_next2\nm_next" alt="" coords="529,381,537,389">
<area shape="rect" title="m_next2\nm_next" alt="" coords="607,381,615,389">
<area shape="rect" href="$classJLex_1_1CAccept.html" title="JLex.CAccept" alt="" coords="249,331,356,357">
<area shape="rect" title="m_accept" alt="" coords="353,351,361,359">
<area shape="rect" title="m_accept" alt="" coords="524,384,532,392">
<area shape="rect" title="m_set" alt="" coords="343,453,351,461">
<area shape="rect" title="m_set" alt="" coords="539,409,547,417">
<area shape="rect" title="m_nfa2dfa" alt="" coords="997,299,1005,307">
<area shape="rect" title="m_nfa2dfa" alt="" coords="625,220,633,228">
<area shape="rect" href="$classJLex_1_1CSimplifyNfa.html" title="JLex.CSimplifyNfa" alt="" coords="233,215,372,241">
<area shape="rect" title="m_simplifyNfa" alt="" coords="369,225,377,233">
<area shape="rect" title="m_simplifyNfa" alt="" coords="511,227,519,235">
<area shape="rect" title="m_emit" alt="" coords="963,415,971,423">
<area shape="rect" title="m_emit" alt="" coords="580,241,588,249">
<area shape="rect" title="m_minimize" alt="" coords="949,167,957,175">
<area shape="rect" title="m_minimize" alt="" coords="608,213,616,221">
