<area shape="rect" href="$classJLex_1_1CLexGen.html" title="JLex.CLexGen" alt="" coords="208,201,323,228">
<area shape="rect" title="m_makeNfa" alt="" coords="329,127,337,135">
<area shape="rect" title="m_makeNfa" alt="" coords="297,197,305,205">
<area shape="rect" href="$classJLex_1_1CInput.html" title="JLex.CInput" alt="" coords="45,7,141,33">
<area shape="rect" title="m_input" alt="" coords="125,31,133,39">
<area shape="rect" title="m_input" alt="" coords="293,99,301,107">
<area shape="rect" title="m_input" alt="" coords="69,31,77,39">
<area shape="rect" title="m_input" alt="" coords="204,199,212,207">
<area shape="rect" title="m_lexGen" alt="" coords="259,197,267,205">
<area shape="rect" title="m_lexGen" alt="" coords="288,127,296,135">
<area shape="rect" href="$classJLex_1_1CNfa2Dfa.html" title="JLex.CNfa2Dfa" alt="" coords="73,396,193,423">
<area shape="rect" title="m_lexGen" alt="" coords="204,221,212,229">
<area shape="rect" title="m_lexGen" alt="" coords="116,392,124,400">
<area shape="rect" href="$classJLex_1_1CSpec.html" title="JLex.CSpec" alt="" coords="344,300,440,327">
<area shape="rect" title="m_lexGen" alt="" coords="265,225,273,233">
<area shape="rect" title="m_lexGen" alt="" coords="340,297,348,305">
<area shape="rect" href="$classJLex_1_1SparseBitSet.html" title="JLex.SparseBitSet" alt="" coords="533,7,672,33">
<area shape="rect" title="all_states" alt="" coords="585,31,593,39">
<area shape="rect" title="all_states" alt="" coords="319,201,327,209">
<area shape="rect" href="$classJLex_1_1CNfa.html" title="JLex.CNfa" alt="" coords="601,201,689,228">
<area shape="rect" title="m_states" alt="" coords="599,31,607,39">
<area shape="rect" title="m_states" alt="" coords="635,197,643,205">
<area shape="rect" href="$classJLex_1_1CSet.html" title="JLex.CSet" alt="" coords="687,103,772,129">
<area shape="rect" title="m_set" alt="" coords="619,31,627,39">
<area shape="rect" title="m_set" alt="" coords="708,99,716,107">
<area shape="rect" title="m_nfa2dfa" alt="" coords="132,392,140,400">
<area shape="rect" title="m_nfa2dfa" alt="" coords="241,225,249,233">
<area shape="rect" title="m_spec" alt="" coords="405,296,413,304">
<area shape="rect" title="m_spec" alt="" coords="387,127,395,135">
<area shape="rect" title="m_spec" alt="" coords="384,296,392,304">
<area shape="rect" title="m_spec" alt="" coords="315,225,323,233">
<area shape="rect" title="m_spec" alt="" coords="348,324,356,332">
<area shape="rect" title="m_spec" alt="" coords="165,392,173,400">
<area shape="rect" href="$classJLex_1_1CEmit.html" title="JLex.CEmit" alt="" coords="283,396,376,423">
<area shape="rect" title="m_spec" alt="" coords="379,324,387,332">
<area shape="rect" title="m_spec" alt="" coords="333,392,341,400">
<area shape="rect" href="$classJLex_1_1CMinimize.html" title="JLex.CMinimize" alt="" coords="431,396,551,423">
<area shape="rect" title="m_spec" alt="" coords="404,324,412,332">
<area shape="rect" title="m_spec" alt="" coords="473,392,481,400">
<area shape="rect" title="m_nfa_start" alt="" coords="604,225,612,233">
<area shape="rect" title="m_nfa_start" alt="" coords="423,296,431,304">
<area shape="rect" title="m_next2\nm_next" alt="" coords="660,197,668,205">
<area shape="rect" title="m_next2\nm_next" alt="" coords="663,225,671,233">
<area shape="rect" href="$classJLex_1_1CAccept.html" title="JLex.CAccept" alt="" coords="796,103,903,129">
<area shape="rect" title="m_accept" alt="" coords="819,127,827,135">
<area shape="rect" title="m_accept" alt="" coords="673,197,681,205">
<area shape="rect" title="m_set" alt="" coords="712,127,720,135">
<area shape="rect" title="m_set" alt="" coords="653,197,661,205">
<area shape="rect" href="$classJLex_1_1CSimplifyNfa.html" title="JLex.CSimplifyNfa" alt="" coords="89,103,228,129">
<area shape="rect" title="m_simplifyNfa" alt="" coords="151,127,159,135">
<area shape="rect" title="m_simplifyNfa" alt="" coords="204,201,212,209">
<area shape="rect" title="m_emit" alt="" coords="293,392,301,400">
<area shape="rect" title="m_emit" alt="" coords="257,225,265,233">
<area shape="rect" title="m_minimize" alt="" coords="492,392,500,400">
<area shape="rect" title="m_minimize" alt="" coords="319,221,327,229">
