<area shape="rect" href="$classdocumentclassifier_1_1MappaPreferenzeDefault.html" title="documentclassifier.MappaPreferenzeDefault" alt="" coords="7,19,313,45">
<area shape="rect" title="mappaPreferenze" alt="" coords="311,21,319,29">
<area shape="rect" title="mappaPreferenze" alt="" coords="937,19,945,27">
<area shape="rect" href="$classdocumentclassifier_1_1DocumentClassifierApp.html" title="documentclassifier.DocumentClassifierApp" alt="" coords="528,55,824,81">
<area shape="rect" title="mappaPreferenzeDefault" alt="" coords="311,39,319,47">
<area shape="rect" title="mappaPreferenzeDefault" alt="" coords="524,53,532,61">
<area shape="rect" title="application" alt="" coords="796,51,804,59">
<area shape="rect" title="application" alt="" coords="937,36,945,44">
<area shape="rect" title="application" alt="" coords="533,79,541,87">
<area shape="rect" title="application" alt="" coords="199,43,207,51">
<area shape="rect" href="$interfacedocumentclassifier_1_1Scrapers_1_1Scraper.html" title="documentclassifier.Scrapers.Scraper" alt="" coords="32,115,288,141">
<area shape="rect" title="Scraper" alt="" coords="284,123,292,131">
<area shape="rect" title="Scraper" alt="" coords="624,79,632,87">
