<area shape="rect" href="$classJLex_1_1SparseBitSet.html#16194d2ecccccab53a64598e9b834b72" title="JLex.SparseBitSet.and" alt="" coords="261,5,427,32">
<area shape="rect" href="$classJLex_1_1SparseBitSet.html#499583e2fbf1eadc662a30105b7d0646" title="JLex.SparseBitSet.clear" alt="" coords="257,56,431,83">
<area shape="rect" href="$classJLex_1_1SparseBitSet.html#0d66faf01775c172ddaadc6f137fa3d5" title="JLex.SparseBitSet.clearAll" alt="" coords="251,107,437,133">
<area shape="rect" href="$classJLex_1_1SparseBitSet.html#2e6537ce654cabcea750418b0578bb22" title="JLex.SparseBitSet.clone" alt="" coords="256,157,432,184">
<area shape="rect" href="$classJLex_1_1SparseBitSet.html#53fdabe33d905924687e27a3aa9c0ace" title="JLex.SparseBitSet.equals" alt="" coords="252,208,436,235">
<area shape="rect" href="$classJLex_1_1SparseBitSet.html#63303ee738d84b6288fe4c535702e98a" title="JLex.SparseBitSet.get" alt="" coords="263,259,425,285">
<area shape="rect" href="$classJLex_1_1SparseBitSet.html#60a1f4a09681ce5839cdda78f6e73075" title="JLex.SparseBitSet.or" alt="" coords="267,309,421,336">
<area shape="rect" href="$classJLex_1_1SparseBitSet.html#438adc92dab470431e300899612a0564" title="JLex.SparseBitSet.set" alt="" coords="263,360,425,387">
<area shape="rect" href="$classJLex_1_1SparseBitSet.html#df9a7509eb59c6bd2157511c3b3d59f3" title="JLex.SparseBitSet.SparseBitSet" alt="" coords="231,411,457,437">
<area shape="rect" href="$classJLex_1_1SparseBitSet.html#75e39c451e059cb8c07e287ca6c8408a" title="JLex.SparseBitSet.xor" alt="" coords="263,461,425,488">
