<area shape="rect" href="$classJLex_1_1CLexGen.html" title="JLex.CLexGen" alt="" coords="515,285,629,312">
<area shape="rect" title="m_nfa2dfa" alt="" coords="321,217,329,225">
<area shape="rect" title="m_nfa2dfa" alt="" coords="511,284,519,292">
<area shape="rect" title="m_lexGen" alt="" coords="555,281,563,289">
<area shape="rect" title="m_lexGen" alt="" coords="359,204,367,212">
<area shape="rect" href="$classJLex_1_1CMakeNfa.html" title="JLex.CMakeNfa" alt="" coords="952,384,1075,411">
<area shape="rect" title="m_lexGen" alt="" coords="625,308,633,316">
<area shape="rect" title="m_lexGen" alt="" coords="949,380,957,388">
<area shape="rect" href="$classJLex_1_1CSpec.html" title="JLex.CSpec" alt="" coords="757,193,853,220">
<area shape="rect" title="m_lexGen" alt="" coords="625,284,633,292">
<area shape="rect" title="m_lexGen" alt="" coords="783,217,791,225">
<area shape="rect" href="$classJLex_1_1SparseBitSet.html" title="JLex.SparseBitSet" alt="" coords="5,64,144,91">
<area shape="rect" title="all_states" alt="" coords="80,88,88,96">
<area shape="rect" title="all_states" alt="" coords="511,299,519,307">
<area shape="rect" href="$classJLex_1_1CNfa.html" title="JLex.CNfa" alt="" coords="528,64,616,91">
<area shape="rect" title="m_states" alt="" coords="140,73,148,81">
<area shape="rect" title="m_states" alt="" coords="524,73,532,81">
<area shape="rect" href="$classJLex_1_1CSet.html" title="JLex.CSet" alt="" coords="260,9,345,36">
<area shape="rect" title="m_set" alt="" coords="127,60,135,68">
<area shape="rect" title="m_set" alt="" coords="256,29,264,37">
<area shape="rect" title="m_makeNfa" alt="" coords="948,407,956,415">
<area shape="rect" title="m_makeNfa" alt="" coords="579,309,587,317">
<area shape="rect" href="$classJLex_1_1CInput.html" title="JLex.CInput" alt="" coords="255,437,351,464">
<area shape="rect" title="m_input" alt="" coords="343,433,351,441">
<area shape="rect" title="m_input" alt="" coords="555,309,563,317">
<area shape="rect" title="m_input" alt="" coords="348,449,356,457">
<area shape="rect" title="m_input" alt="" coords="968,408,976,416">
<area shape="rect" title="m_spec" alt="" coords="753,193,761,201">
<area shape="rect" title="m_spec" alt="" coords="359,191,367,199">
<area shape="rect" title="m_spec" alt="" coords="753,207,761,215">
<area shape="rect" title="m_spec" alt="" coords="581,281,589,289">
<area shape="rect" title="m_spec" alt="" coords="817,217,825,225">
<area shape="rect" title="m_spec" alt="" coords="995,380,1003,388">
<area shape="rect" href="$classJLex_1_1CEmit.html" title="JLex.CEmit" alt="" coords="967,127,1060,153">
<area shape="rect" title="m_spec" alt="" coords="844,189,852,197">
<area shape="rect" title="m_spec" alt="" coords="963,151,971,159">
<area shape="rect" href="$classJLex_1_1CMinimize.html" title="JLex.CMinimize" alt="" coords="953,240,1073,267">
<area shape="rect" title="m_spec" alt="" coords="849,213,857,221">
<area shape="rect" title="m_spec" alt="" coords="951,236,959,244">
<area shape="rect" title="m_nfa_start" alt="" coords="607,88,615,96">
<area shape="rect" title="m_nfa_start" alt="" coords="787,189,795,197">
<area shape="rect" title="m_next2\nm_next" alt="" coords="529,60,537,68">
<area shape="rect" title="m_next2\nm_next" alt="" coords="607,60,615,68">
<area shape="rect" href="$classJLex_1_1CAccept.html" title="JLex.CAccept" alt="" coords="249,125,356,152">
<area shape="rect" title="m_accept" alt="" coords="353,132,361,140">
<area shape="rect" title="m_accept" alt="" coords="540,88,548,96">
<area shape="rect" title="m_set" alt="" coords="343,27,351,35">
<area shape="rect" title="m_set" alt="" coords="524,63,532,71">
<area shape="rect" href="$classJLex_1_1CSimplifyNfa.html" title="JLex.CSimplifyNfa" alt="" coords="233,347,372,373">
<area shape="rect" title="m_simplifyNfa" alt="" coords="369,351,377,359">
<area shape="rect" title="m_simplifyNfa" alt="" coords="539,309,547,317">
<area shape="rect" title="m_emit" alt="" coords="963,132,971,140">
<area shape="rect" title="m_emit" alt="" coords="575,281,583,289">
<area shape="rect" title="m_minimize" alt="" coords="971,264,979,272">
<area shape="rect" title="m_minimize" alt="" coords="625,296,633,304">
