<area shape="rect" href="$classJLex_1_1CNfa.html" title="JLex.CNfa" alt="" coords="115,201,203,228">
<area shape="rect" title="m_end\nm_start" alt="" coords="155,225,163,233">
<area shape="rect" title="m_end\nm_start" alt="" coords="155,312,163,320">
<area shape="rect" title="m_next2\nm_next" alt="" coords="173,197,181,205">
<area shape="rect" title="m_next2\nm_next" alt="" coords="176,225,184,233">
<area shape="rect" href="$classJLex_1_1SparseBitSet.html" title="JLex.SparseBitSet" alt="" coords="5,7,144,33">
<area shape="rect" title="m_states" alt="" coords="60,31,68,39">
<area shape="rect" title="m_states" alt="" coords="121,197,129,205">
<area shape="rect" href="$classJLex_1_1CSet.html" title="JLex.CSet" alt="" coords="116,103,201,129">
<area shape="rect" title="m_set" alt="" coords="84,31,92,39">
<area shape="rect" title="m_set" alt="" coords="143,99,151,107">
<area shape="rect" href="$classJLex_1_1CAccept.html" title="JLex.CAccept" alt="" coords="225,103,332,129">
<area shape="rect" title="m_accept" alt="" coords="256,127,264,135">
<area shape="rect" title="m_accept" alt="" coords="171,197,179,205">
<area shape="rect" title="m_set" alt="" coords="155,127,163,135">
<area shape="rect" title="m_set" alt="" coords="155,197,163,205">
