<area shape="rect" href="$classJLex_1_1CLexGen.html" title="JLex.CLexGen" alt="" coords="1147,248,1261,275">
<area shape="rect" title="m_spec" alt="" coords="729,256,737,264">
<area shape="rect" title="m_spec" alt="" coords="1175,272,1183,280">
<area shape="rect" href="$classJLex_1_1CMakeNfa.html" title="JLex.CMakeNfa" alt="" coords="1389,381,1512,408">
<area shape="rect" title="m_spec" alt="" coords="719,256,727,264">
<area shape="rect" title="m_spec" alt="" coords="1411,405,1419,413">
<area shape="rect" href="$classJLex_1_1CNfa2Dfa.html" title="JLex.CNfa2Dfa" alt="" coords="1391,200,1511,227">
<area shape="rect" title="m_spec" alt="" coords="723,228,731,236">
<area shape="rect" title="m_spec" alt="" coords="1423,196,1431,204">
<area shape="rect" href="$classJLex_1_1CEmit.html" title="JLex.CEmit" alt="" coords="888,232,981,259">
<area shape="rect" title="m_spec" alt="" coords="761,241,769,249">
<area shape="rect" title="m_spec" alt="" coords="884,241,892,249">
<area shape="rect" href="$classJLex_1_1CMinimize.html" title="JLex.CMinimize" alt="" coords="875,283,995,309">
<area shape="rect" title="m_spec" alt="" coords="757,256,765,264">
<area shape="rect" title="m_spec" alt="" coords="871,283,879,291">
<area shape="rect" href="$classJLex_1_1CNfa.html" title="JLex.CNfa" alt="" coords="453,180,541,207">
<area shape="rect" title="m_nfa_start" alt="" coords="537,200,545,208">
<area shape="rect" title="m_nfa_start" alt="" coords="665,229,673,237">
<area shape="rect" title="m_next2\nm_next" alt="" coords="461,176,469,184">
<area shape="rect" title="m_next2\nm_next" alt="" coords="525,176,533,184">
<area shape="rect" href="$classJLex_1_1SparseBitSet.html" title="JLex.SparseBitSet" alt="" coords="5,92,144,119">
<area shape="rect" title="m_states" alt="" coords="119,116,127,124">
<area shape="rect" title="m_states" alt="" coords="449,181,457,189">
<area shape="rect" href="$classJLex_1_1CSet.html" title="JLex.CSet" alt="" coords="244,92,329,119">
<area shape="rect" title="m_set" alt="" coords="140,101,148,109">
<area shape="rect" title="m_set" alt="" coords="240,101,248,109">
<area shape="rect" title="all_states" alt="" coords="92,88,100,96">
<area shape="rect" title="all_states" alt="" coords="1199,244,1207,252">
<area shape="rect" href="$classJLex_1_1CAccept.html" title="JLex.CAccept" alt="" coords="233,208,340,235">
<area shape="rect" title="m_accept" alt="" coords="337,211,345,219">
<area shape="rect" title="m_accept" alt="" coords="449,195,457,203">
<area shape="rect" title="m_set" alt="" coords="327,108,335,116">
<area shape="rect" title="m_set" alt="" coords="479,176,487,184">
<area shape="rect" title="m_lexGen" alt="" coords="1172,244,1180,252">
<area shape="rect" title="m_lexGen" alt="" coords="751,228,759,236">
<area shape="rect" title="m_lexGen" alt="" coords="1207,272,1215,280">
<area shape="rect" title="m_lexGen" alt="" coords="1385,392,1393,400">
<area shape="rect" title="m_lexGen" alt="" coords="1257,267,1265,275">
<area shape="rect" title="m_lexGen" alt="" coords="1429,224,1437,232">
<area shape="rect" title="m_makeNfa" alt="" coords="1424,377,1432,385">
<area shape="rect" title="m_makeNfa" alt="" coords="1229,272,1237,280">
<area shape="rect" href="$classJLex_1_1CInput.html" title="JLex.CInput" alt="" coords="887,403,983,429">
<area shape="rect" title="m_input" alt="" coords="980,404,988,412">
<area shape="rect" title="m_input" alt="" coords="1193,272,1201,280">
<area shape="rect" title="m_input" alt="" coords="980,409,988,417">
<area shape="rect" title="m_input" alt="" coords="1385,393,1393,401">
<area shape="rect" title="m_nfa2dfa" alt="" coords="1387,220,1395,228">
<area shape="rect" title="m_nfa2dfa" alt="" coords="1257,244,1265,252">
<area shape="rect" href="$classJLex_1_1CSimplifyNfa.html" title="JLex.CSimplifyNfa" alt="" coords="865,116,1004,143">
<area shape="rect" title="m_simplifyNfa" alt="" coords="1001,128,1009,136">
<area shape="rect" title="m_simplifyNfa" alt="" coords="1193,244,1201,252">
<area shape="rect" title="m_emit" alt="" coords="979,244,987,252">
<area shape="rect" title="m_emit" alt="" coords="1143,255,1151,263">
<area shape="rect" title="m_minimize" alt="" coords="991,289,999,297">
<area shape="rect" title="m_minimize" alt="" coords="1143,272,1151,280">
