<area shape="rect" href="$classdocumentclassifier_1_1DocumentClassifierApp.html" title="documentclassifier.DocumentClassifierApp" alt="" coords="360,32,656,59">
<area shape="rect" title="application" alt="" coords="597,28,605,36">
<area shape="rect" title="application" alt="" coords="1816,29,1824,37">
<area shape="rect" href="$classdocumentclassifier_1_1MappaPreferenzeDefault.html" title="documentclassifier.MappaPreferenzeDefault" alt="" coords="871,33,1177,60">
<area shape="rect" title="application" alt="" coords="652,41,660,49">
<area shape="rect" title="application" alt="" coords="867,43,875,51">
<area shape="rect" href="$classdocumentclassifier_1_1PreferenzeDialog.html" title="documentclassifier.PreferenzeDialog" alt="" coords="1344,33,1600,60">
<area shape="rect" title="application" alt="" coords="569,56,577,64">
<area shape="rect" title="application" alt="" coords="1389,57,1397,65">
<area shape="rect" href="$interfacedocumentclassifier_1_1Scrapers_1_1Scraper.html" title="documentclassifier.Scrapers.Scraper" alt="" coords="5,32,261,59">
<area shape="rect" title="Scraper" alt="" coords="257,41,265,49">
<area shape="rect" title="Scraper" alt="" coords="356,41,364,49">
<area shape="rect" title="mappaPreferenzeDefault" alt="" coords="917,57,925,65">
<area shape="rect" title="mappaPreferenzeDefault" alt="" coords="595,56,603,64">
<area shape="rect" title="mappaPreferenze" alt="" coords="1175,43,1183,51">
<area shape="rect" title="mappaPreferenze" alt="" coords="1340,43,1348,51">
<area shape="rect" title="preferenzeDialog" alt="" coords="1596,43,1604,51">
<area shape="rect" title="preferenzeDialog" alt="" coords="1756,43,1764,51">
<area shape="rect" href="$classdocumentclassifier_1_1Documento.html" title="documentclassifier.Documento" alt="" coords="1363,84,1581,111">
<area shape="rect" title="queryCorrente" alt="" coords="1579,83,1587,91">
<area shape="rect" title="queryCorrente" alt="" coords="1801,57,1809,65">
