<area shape="rect" href="$classJLex_1_1CMakeNfa.html#99b30cc7c2e33b5477409a08963195ba" title="JLex.CMakeNfa.machine" alt="" coords="245,575,427,601">
<area shape="rect" href="$classJLex_1_1CLexGen.html#4bb6586df688a0d484061abd891c50fc" title="JLex.CLexGen.print_nfa" alt="" coords="248,752,424,779">
<area shape="rect" href="$classJLex_1_1CMakeNfa.html#a76a5317ef1ed398c9a839339e8c7177" title="JLex.CMakeNfa.reset" alt="" coords="256,803,416,829">
<area shape="rect" href="$classJLex_1_1CSet.html#4ed4685c8807164943dcebdf702b6f7d" title="JLex.CSet.add" alt="" coords="1680,575,1795,601">
<area shape="rect" href="$classJLex_1_1SparseBitSet.html#438adc92dab470431e300899612a0564" title="JLex.SparseBitSet.set" alt="" coords="1883,575,2045,601">
<area shape="rect" href="$classJLex_1_1CLexGen.html#ce499526e2413b340991f31b80142b30" title="JLex.CLexGen.advance" alt="" coords="1877,220,2051,247">
<area shape="rect" href="$classJLex_1_1CLexGen.html#f9b31a7590810421e93797ff32ab389d" title="JLex.CLexGen.getStates" alt="" coords="1647,524,1828,551">
<area shape="rect" href="$classJLex_1_1CMakeNfa.html#a44c38cdd08e8d7822a93fa0aed28beb" title="JLex.CMakeNfa.processStates" alt="" coords="915,676,1133,703">
<area shape="rect" href="$classJLex_1_1CMakeNfa.html#78f1939c605b3d081b22dc6e7fa0cd41" title="JLex.CMakeNfa.rule" alt="" coords="483,448,632,475">
<area shape="rect" href="$classJLex_1_1SparseBitSet.html#d224d2f4f64d36f75d8ad4d9e90ae70a" title="JLex.SparseBitSet.bsearch" alt="" coords="2361,625,2553,652">
<area shape="rect" href="$classJLex_1_1SparseBitSet.html#b6b4ab185612eee07da6957e0c4108f7" title="JLex.SparseBitSet.size" alt="" coords="2604,625,2769,652">
<area shape="rect" href="$classJLex_1_1SparseBitSet.html#1ee95f048635524de89414598d1b8cd8" title="JLex.SparseBitSet.new_block" alt="" coords="2101,625,2309,652">
<area shape="rect" href="$classJLex_1_1CLexGen.html#749062556097136f47cb56a5e6b30fb6" title="JLex.CLexGen.expandEscape" alt="" coords="2099,245,2312,272">
<area shape="rect" href="$classJLex_1_1CLexGen.html#46b88abce9a75dbbcf64350f9683d0e3" title="JLex.CLexGen.expandMacro" alt="" coords="2103,195,2308,221">
<area shape="rect" href="$classJLex_1_1CInput.html#521a4c51cf1fec9d01c18f089af3d8ef" title="JLex.CInput.getLine" alt="" coords="2131,473,2280,500">
<area shape="rect" href="$classJLex_1_1SparseBitSet.html#63303ee738d84b6288fe4c535702e98a" title="JLex.SparseBitSet.get" alt="" coords="2124,676,2287,703">
<area shape="rect" href="$classJLex_1_1CMakeNfa.html#340f7b071558c9b83746d374c486fdd5" title="JLex.CMakeNfa.expr" alt="" coords="700,271,855,297">
<area shape="rect" href="$classJLex_1_1CLexGen.html#b140bbdf2e503f9368a7aa50f030ce99" title="JLex.CLexGen.packAccept" alt="" coords="928,473,1120,500">
<area shape="rect" href="$classJLex_1_1CMakeNfa.html#dcb19480187a1dddf6f85aea83f27bee" title="JLex.CMakeNfa.cat_expr" alt="" coords="933,220,1115,247">
<area shape="rect" href="$classJLex_1_1CMakeNfa.html#e86cf68e8de199ff522dbd1944a3acaa" title="JLex.CMakeNfa.discardCNfa" alt="" coords="1183,169,1388,196">
<area shape="rect" href="$classJLex_1_1CMakeNfa.html#c309d3650c17341a4a2bf3899c08841f" title="JLex.CMakeNfa.factor" alt="" coords="1203,271,1368,297">
<area shape="rect" href="$classJLex_1_1CMakeNfa.html#f2a615dca4fd602f84d60f76564cc322" title="JLex.CMakeNfa.first_in_cat" alt="" coords="1188,220,1383,247">
<area shape="rect" href="$classJLex_1_1CNfa.html#b92b131af4fbc641a6b256d768f314ec" title="JLex.CNfa.mimic" alt="" coords="1220,119,1351,145">
<area shape="rect" href="$classJLex_1_1CMakeNfa.html#b10ac840c5e7b62e84bd2e991deb5c3d" title="JLex.CMakeNfa.term" alt="" coords="1439,321,1596,348">
<area shape="rect" href="$classJLex_1_1CSet.html#70568d3bb9dddb5c51d59e1b0fd34059" title="JLex.CSet.addncase" alt="" coords="1661,271,1813,297">
<area shape="rect" href="$classJLex_1_1CSet.html#80f0992ff4b6e445f8134ad1189dca6f" title="JLex.CSet.complement" alt="" coords="1652,321,1823,348">
<area shape="rect" href="$classJLex_1_1CMakeNfa.html#608ae842202e835975a99d8b66faf26e" title="JLex.CMakeNfa.dodash" alt="" coords="1651,220,1824,247">
<area shape="rect" href="$classJLex_1_1SparseBitSet.html#2e6537ce654cabcea750418b0578bb22" title="JLex.SparseBitSet.clone" alt="" coords="1649,119,1825,145">
<area shape="rect" href="$classJLex_1_1CSet.html#bcc5ed9e12c0d82ee2f89a464f59d9bc" title="JLex.CSet.mimic" alt="" coords="1453,169,1581,196">
<area shape="rect" href="$classJLex_1_1CLexGen.html#ce3dae028d6d9aa86a71d83a11363b7b" title="JLex.CLexGen.interp_int" alt="" coords="688,752,867,779">
<area shape="rect" href="$classJLex_1_1CLexGen.html#5b0355b2b77b2c2ad196668bc31a63d8" title="JLex.CLexGen.plab" alt="" coords="485,828,629,855">
<area shape="rect" href="$classJLex_1_1CLexGen.html#87618f290b6e0a6a8715d85f2bc8621a" title="JLex.CLexGen.printccl" alt="" coords="476,727,639,753">
