<area shape="rect" href="$classJLex_1_1CLexGen.html" title="JLex.CLexGen" alt="" coords="776,124,891,151">
<area shape="rect" title="m_minimize" alt="" coords="603,216,611,224">
<area shape="rect" title="m_minimize" alt="" coords="799,148,807,156">
<area shape="rect" href="$classJLex_1_1CSpec.html" title="JLex.CSpec" alt="" coords="1019,213,1115,240">
<area shape="rect" title="m_spec" alt="" coords="1017,237,1025,245">
<area shape="rect" title="m_spec" alt="" coords="620,240,628,248">
<area shape="rect" title="m_spec" alt="" coords="1015,232,1023,240">
<area shape="rect" title="m_spec" alt="" coords="837,148,845,156">
<area shape="rect" href="$classJLex_1_1CMakeNfa.html" title="JLex.CMakeNfa" alt="" coords="1213,171,1336,197">
<area shape="rect" title="m_spec" alt="" coords="1111,213,1119,221">
<area shape="rect" title="m_spec" alt="" coords="1209,192,1217,200">
<area shape="rect" href="$classJLex_1_1CNfa2Dfa.html" title="JLex.CNfa2Dfa" alt="" coords="1215,13,1335,40">
<area shape="rect" title="m_spec" alt="" coords="1087,209,1095,217">
<area shape="rect" title="m_spec" alt="" coords="1259,37,1267,45">
<area shape="rect" href="$classJLex_1_1CEmit.html" title="JLex.CEmit" alt="" coords="1228,259,1321,285">
<area shape="rect" title="m_spec" alt="" coords="1111,233,1119,241">
<area shape="rect" title="m_spec" alt="" coords="1224,257,1232,265">
<area shape="rect" href="$classJLex_1_1CNfa.html" title="JLex.CNfa" alt="" coords="789,485,877,512">
<area shape="rect" title="m_nfa_start" alt="" coords="836,481,844,489">
<area shape="rect" title="m_nfa_start" alt="" coords="1051,237,1059,245">
<area shape="rect" title="m_next2\nm_next" alt="" coords="791,481,799,489">
<area shape="rect" title="m_next2\nm_next" alt="" coords="868,481,876,489">
<area shape="rect" href="$classJLex_1_1SparseBitSet.html" title="JLex.SparseBitSet" alt="" coords="267,423,405,449">
<area shape="rect" title="m_states" alt="" coords="351,447,359,455">
<area shape="rect" title="m_states" alt="" coords="785,508,793,516">
<area shape="rect" href="$classJLex_1_1CSet.html" title="JLex.CSet" alt="" coords="521,423,607,449">
<area shape="rect" title="m_set" alt="" coords="401,432,409,440">
<area shape="rect" title="m_set" alt="" coords="517,432,525,440">
<area shape="rect" title="all_states" alt="" coords="337,419,345,427">
<area shape="rect" title="all_states" alt="" coords="772,132,780,140">
<area shape="rect" href="$interfaceJLex_1_1SparseBitSet_1_1BinOp.html" title="JLex.SparseBitSet.BinOp" alt="" coords="5,423,187,449">
<area shape="rect" title="OR\nAND\nXOR" alt="" coords="183,432,191,440">
<area shape="rect" title="OR\nAND\nXOR" alt="" coords="263,432,271,440">
<area shape="rect" href="$classJLex_1_1CAccept.html" title="JLex.CAccept" alt="" coords="511,473,617,500">
<area shape="rect" title="m_accept" alt="" coords="615,485,623,493">
<area shape="rect" title="m_accept" alt="" coords="785,492,793,500">
<area shape="rect" title="m_set" alt="" coords="604,436,612,444">
<area shape="rect" title="m_set" alt="" coords="801,481,809,489">
<area shape="rect" title="m_lexGen" alt="" coords="860,148,868,156">
<area shape="rect" title="m_lexGen" alt="" coords="1021,209,1029,217">
<area shape="rect" title="m_lexGen" alt="" coords="887,140,895,148">
<area shape="rect" title="m_lexGen" alt="" coords="1209,173,1217,181">
<area shape="rect" title="m_lexGen" alt="" coords="845,120,853,128">
<area shape="rect" title="m_lexGen" alt="" coords="1211,17,1219,25">
<area shape="rect" title="m_makeNfa" alt="" coords="1244,167,1252,175">
<area shape="rect" title="m_makeNfa" alt="" coords="883,120,891,128">
<area shape="rect" href="$classJLex_1_1CInput.html" title="JLex.CInput" alt="" coords="516,347,612,373">
<area shape="rect" title="m_input" alt="" coords="583,343,591,351">
<area shape="rect" title="m_input" alt="" coords="817,148,825,156">
<area shape="rect" title="m_input" alt="" coords="609,363,617,371">
<area shape="rect" title="m_input" alt="" coords="1256,195,1264,203">
<area shape="rect" title="m_nfa2dfa" alt="" coords="1211,31,1219,39">
<area shape="rect" title="m_nfa2dfa" alt="" coords="856,120,864,128">
<area shape="rect" href="$classJLex_1_1CSimplifyNfa.html" title="JLex.CSimplifyNfa" alt="" coords="495,69,633,96">
<area shape="rect" title="m_simplifyNfa" alt="" coords="631,92,639,100">
<area shape="rect" title="m_simplifyNfa" alt="" coords="772,120,780,128">
<area shape="rect" title="m_emit" alt="" coords="1247,283,1255,291">
<area shape="rect" title="m_emit" alt="" coords="840,148,848,156">
