<area shape="rect" href="$classJLex_1_1CLexGen.html#ce499526e2413b340991f31b80142b30" title="JLex.CLexGen.advance" alt="" coords="1339,353,1512,380">
<area shape="rect" href="$classJLex_1_1CMakeNfa.html#340f7b071558c9b83746d374c486fdd5" title="JLex.CMakeNfa.expr" alt="" coords="207,372,361,399">
<area shape="rect" href="$classJLex_1_1CLexGen.html#b140bbdf2e503f9368a7aa50f030ce99" title="JLex.CLexGen.packAccept" alt="" coords="411,524,603,551">
<area shape="rect" href="$classJLex_1_1CLexGen.html#749062556097136f47cb56a5e6b30fb6" title="JLex.CLexGen.expandEscape" alt="" coords="1560,379,1773,405">
<area shape="rect" href="$classJLex_1_1CLexGen.html#46b88abce9a75dbbcf64350f9683d0e3" title="JLex.CLexGen.expandMacro" alt="" coords="1564,328,1769,355">
<area shape="rect" href="$classJLex_1_1CInput.html#521a4c51cf1fec9d01c18f089af3d8ef" title="JLex.CInput.getLine" alt="" coords="1592,441,1741,468">
<area shape="rect" href="$classJLex_1_1CMakeNfa.html#dcb19480187a1dddf6f85aea83f27bee" title="JLex.CMakeNfa.cat_expr" alt="" coords="416,321,597,348">
<area shape="rect" href="$classJLex_1_1CMakeNfa.html#e86cf68e8de199ff522dbd1944a3acaa" title="JLex.CMakeNfa.discardCNfa" alt="" coords="652,271,857,297">
<area shape="rect" href="$classJLex_1_1CMakeNfa.html#c309d3650c17341a4a2bf3899c08841f" title="JLex.CMakeNfa.factor" alt="" coords="672,220,837,247">
<area shape="rect" href="$classJLex_1_1CMakeNfa.html#f2a615dca4fd602f84d60f76564cc322" title="JLex.CMakeNfa.first_in_cat" alt="" coords="657,321,852,348">
<area shape="rect" href="$classJLex_1_1CNfa.html#b92b131af4fbc641a6b256d768f314ec" title="JLex.CNfa.mimic" alt="" coords="689,372,820,399">
<area shape="rect" href="$classJLex_1_1CMakeNfa.html#b10ac840c5e7b62e84bd2e991deb5c3d" title="JLex.CMakeNfa.term" alt="" coords="908,169,1065,196">
<area shape="rect" href="$classJLex_1_1CSet.html#4ed4685c8807164943dcebdf702b6f7d" title="JLex.CSet.add" alt="" coords="1145,31,1260,57">
<area shape="rect" href="$classJLex_1_1CSet.html#70568d3bb9dddb5c51d59e1b0fd34059" title="JLex.CSet.addncase" alt="" coords="1127,132,1279,159">
<area shape="rect" href="$classJLex_1_1CSet.html#80f0992ff4b6e445f8134ad1189dca6f" title="JLex.CSet.complement" alt="" coords="1117,183,1288,209">
<area shape="rect" href="$classJLex_1_1CMakeNfa.html#608ae842202e835975a99d8b66faf26e" title="JLex.CMakeNfa.dodash" alt="" coords="1116,81,1289,108">
<area shape="rect" href="$classJLex_1_1SparseBitSet.html#438adc92dab470431e300899612a0564" title="JLex.SparseBitSet.set" alt="" coords="1344,31,1507,57">
<area shape="rect" href="$classJLex_1_1SparseBitSet.html#d224d2f4f64d36f75d8ad4d9e90ae70a" title="JLex.SparseBitSet.bsearch" alt="" coords="1823,31,2015,57">
<area shape="rect" href="$classJLex_1_1SparseBitSet.html#b6b4ab185612eee07da6957e0c4108f7" title="JLex.SparseBitSet.size" alt="" coords="2065,5,2231,32">
<area shape="rect" href="$classJLex_1_1SparseBitSet.html#1ee95f048635524de89414598d1b8cd8" title="JLex.SparseBitSet.new_block" alt="" coords="1563,81,1771,108">
<area shape="rect" href="$classJLex_1_1SparseBitSet.html#2e6537ce654cabcea750418b0578bb22" title="JLex.SparseBitSet.clone" alt="" coords="1115,360,1291,387">
<area shape="rect" href="$classJLex_1_1CSet.html#bcc5ed9e12c0d82ee2f89a464f59d9bc" title="JLex.CSet.mimic" alt="" coords="923,321,1051,348">
