<area shape="rect" href="$classJLex_1_1SparseBitSet.html#16194d2ecccccab53a64598e9b834b72" title="JLex.SparseBitSet.and" alt="" coords="305,5,471,32">
<area shape="rect" href="$classJLex_1_1SparseBitSet.html#0d66faf01775c172ddaadc6f137fa3d5" title="JLex.SparseBitSet.clearAll" alt="" coords="784,56,971,83">
<area shape="rect" href="$classJLex_1_1CSet.html#8f4d2ad0a7597589dc2fd640db7f3d70" title="JLex.CSet.contains" alt="" coords="316,107,460,133">
<area shape="rect" href="$classJLex_1_1SparseBitSet.html#63303ee738d84b6288fe4c535702e98a" title="JLex.SparseBitSet.get" alt="" coords="543,107,705,133">
<area shape="rect" href="$classJLex_1_1SparseBitSet.html#438adc92dab470431e300899612a0564" title="JLex.SparseBitSet.set" alt="" coords="307,208,469,235">
<area shape="rect" href="$classJLex_1_1SparseBitSet.html#e5e6335dedf5f5a6b5b44cc669766b73" title="JLex.SparseBitSet.binop" alt="" coords="536,5,712,32">
<area shape="rect" href="$interfaceJLex_1_1SparseBitSet_1_1BinOp.html#3f439283379b6d2ee9b04899a30b2cee" title="JLex.SparseBitSet.BinOp.op" alt="" coords="777,5,977,32">
<area shape="rect" href="$classJLex_1_1SparseBitSet.html#b6b4ab185612eee07da6957e0c4108f7" title="JLex.SparseBitSet.size" alt="" coords="1028,132,1193,159">
<area shape="rect" href="$classJLex_1_1SparseBitSet.html#d224d2f4f64d36f75d8ad4d9e90ae70a" title="JLex.SparseBitSet.bsearch" alt="" coords="781,157,973,184">
<area shape="rect" href="$classJLex_1_1SparseBitSet.html#1ee95f048635524de89414598d1b8cd8" title="JLex.SparseBitSet.new_block" alt="" coords="520,208,728,235">
