<area shape="rect" href="$classJLex_1_1CLexGen.html#df336fae9f70a07adb1f62bef52c67a1" title="JLex.CLexGen.generate" alt="" coords="175,613,351,640">
<area shape="rect" href="$classJLex_1_1CLexGen.html#b2188cad6a03a5397d86cb3e0209cd01" title="JLex.CLexGen.details" alt="" coords="419,204,579,231">
<area shape="rect" href="$classJLex_1_1CEmit.html#b35889e73b866edaef96531b70a88c37" title="JLex.CEmit.emit" alt="" coords="435,771,563,797">
<area shape="rect" href="$classJLex_1_1CLexGen.html#dd45be7b5d0e26c4e1058ac386d36f58" title="JLex.CLexGen.print_header" alt="" coords="668,227,868,253">
<area shape="rect" href="$classJLex_1_1CLexGen.html#d87f5164c313e05decf587236c091ae3" title="JLex.CLexGen.userCode" alt="" coords="408,909,589,936">
<area shape="rect" href="$classJLex_1_1CLexGen.html#3f1a04985589172408cbce27be2647e3" title="JLex.CLexGen.userDeclare" alt="" coords="401,1125,596,1152">
<area shape="rect" href="$classJLex_1_1CLexGen.html#75d8aa30b87f2a9fc581c3a8252cfba5" title="JLex.CLexGen.userRules" alt="" coords="408,455,589,481">
<area shape="rect" href="$classJLex_1_1CLexGen.html#4bb6586df688a0d484061abd891c50fc" title="JLex.CLexGen.print_nfa" alt="" coords="964,107,1140,133">
<area shape="rect" href="$classJLex_1_1CLexGen.html#ce3dae028d6d9aa86a71d83a11363b7b" title="JLex.CLexGen.interp_int" alt="" coords="1512,107,1691,133">
<area shape="rect" href="$classJLex_1_1CLexGen.html#5b0355b2b77b2c2ad196668bc31a63d8" title="JLex.CLexGen.plab" alt="" coords="1267,5,1411,32">
<area shape="rect" href="$classJLex_1_1CLexGen.html#87618f290b6e0a6a8715d85f2bc8621a" title="JLex.CLexGen.printccl" alt="" coords="1257,107,1420,133">
<area shape="rect" href="$classJLex_1_1CEmit.html#589a0bd29354db09354ffcc0a84fa7d6" title="JLex.CEmit.emit_construct" alt="" coords="671,897,865,924">
<area shape="rect" href="$classJLex_1_1CEmit.html#7561550dd4a91293120e00b03be952ab" title="JLex.CEmit.emit_driver" alt="" coords="683,948,853,975">
<area shape="rect" href="$classJLex_1_1CEmit.html#8379d50bedd4d2690f230cbccf849bf4" title="JLex.CEmit.emit_footer" alt="" coords="681,644,855,671">
<area shape="rect" href="$classJLex_1_1CEmit.html#4198b0f6f3ed0499208b5887f4d4f6d5" title="JLex.CEmit.emit_header" alt="" coords="679,695,857,721">
<area shape="rect" href="$classJLex_1_1CEmit.html#f75aeaff145c81760b2bc15d6fed37c2" title="JLex.CEmit.emit_helpers" alt="" coords="677,745,859,772">
<area shape="rect" href="$classJLex_1_1CEmit.html#f05da8dbd5b700bbc4504f79ebc7fe93" title="JLex.CEmit.print_details" alt="" coords="680,796,856,823">
<area shape="rect" href="$classJLex_1_1CEmit.html#254ef558ce4ec5edce2be5508187a182" title="JLex.CEmit.reset" alt="" coords="703,847,833,873">
<area shape="rect" href="$classJLex_1_1CEmit.html#0cb86f0b918e740e7fbc22255fefc13b" title="JLex.CEmit.emit_actions" alt="" coords="963,973,1141,1000">
<area shape="rect" href="$classJLex_1_1CEmit.html#ba6c9a4bf917e9eb580c7a44323d9252" title="JLex.CEmit.emit_table" alt="" coords="969,923,1135,949">
<area shape="rect" href="$classJLex_1_1CEmit.html#a6f9bd773f3384af19a1fb6982daa90b" title="JLex.CEmit.emit_table_as_string" alt="" coords="1224,923,1453,949">
<area shape="rect" href="$classJLex_1_1CEmit.html#c412423199d2747c812531f590068d86" title="JLex.CEmit.emit_states" alt="" coords="965,759,1139,785">
<area shape="rect" href="$classJLex_1_1CInput.html#521a4c51cf1fec9d01c18f089af3d8ef" title="JLex.CInput.getLine" alt="" coords="977,1049,1127,1076">
<area shape="rect" href="$classJLex_1_1CLexGen.html#6fe521bb5458bf321eecb8a84418dc43" title="JLex.CLexGen.getName" alt="" coords="679,1151,857,1177">
<area shape="rect" href="$classJLex_1_1CLexGen.html#0047d18d008ea4f8f18dbe479fb70e0f" title="JLex.CLexGen.packCode" alt="" coords="677,1100,859,1127">
<area shape="rect" href="$classJLex_1_1CLexGen.html#4519633ae3f4b98b9974581de55e83b1" title="JLex.CLexGen.saveMacro" alt="" coords="673,1201,863,1228">
<area shape="rect" href="$classJLex_1_1CLexGen.html#e9ccf821ec364428e696581b2eaef2bc" title="JLex.CLexGen.saveStates" alt="" coords="672,1252,864,1279">
<area shape="rect" href="$classJLex_1_1CMakeNfa.html#d085403c655a61bfe2e09013ebf1b4a7" title="JLex.CMakeNfa.allocate_BOL_EOF" alt="" coords="645,404,891,431">
<area shape="rect" href="$classJLex_1_1CNfa2Dfa.html#cadfabd3019a50212211c3d0b2fdaf47" title="JLex.CNfa2Dfa.make_dfa" alt="" coords="675,455,861,481">
<area shape="rect" href="$classJLex_1_1CMinimize.html#93b7e8d700bd78c557bf10fa39ccaff3" title="JLex.CMinimize.min_dfa" alt="" coords="680,593,856,620">
<area shape="rect" href="$classJLex_1_1CSimplifyNfa.html#2b21d9c9df19f40387b4e4413cf29df5" title="JLex.CSimplifyNfa.simplify" alt="" coords="956,556,1148,583">
<area shape="rect" href="$classJLex_1_1CMakeNfa.html#9bb5c536fd9f8eb2dfdd8f7cbcfd332f" title="JLex.CMakeNfa.thompson" alt="" coords="672,277,864,304">
<area shape="rect" href="$classJLex_1_1CNfa2Dfa.html#5a42be66941c8fcebfbabbbc5ef2a813" title="JLex.CNfa2Dfa.free_dfa_states" alt="" coords="940,455,1164,481">
<area shape="rect" href="$classJLex_1_1CNfa2Dfa.html#1707234a323c32fd06821b55add9b88c" title="JLex.CNfa2Dfa.free_nfa_states" alt="" coords="940,505,1164,532">
<area shape="rect" href="$classJLex_1_1CNfa2Dfa.html#602ed768476020ba25de0cd1abf3f8ef" title="JLex.CNfa2Dfa.make_dtrans" alt="" coords="948,353,1156,380">
<area shape="rect" href="$classJLex_1_1CNfa2Dfa.html#47b187b7b8669a201274ad20346c1351" title="JLex.CNfa2Dfa.reset" alt="" coords="973,404,1131,431">
<area shape="rect" href="$classJLex_1_1CNfa2Dfa.html#dee864b3e84fc07f15e2700418910211" title="JLex.CNfa2Dfa.add_to_dstates" alt="" coords="1228,411,1449,437">
<area shape="rect" href="$classJLex_1_1CNfa2Dfa.html#2caeed257dbc523e94e187b6c7ea6854" title="JLex.CNfa2Dfa.e_closure" alt="" coords="1247,512,1431,539">
<area shape="rect" href="$classJLex_1_1SparseBitSet.html#438adc92dab470431e300899612a0564" title="JLex.SparseBitSet.set" alt="" coords="1520,487,1683,513">
<area shape="rect" href="$classJLex_1_1CNfa2Dfa.html#3e7205f05fe9cf0d4382bf098150c028" title="JLex.CNfa2Dfa.get_unmarked" alt="" coords="1231,309,1447,336">
<area shape="rect" href="$classJLex_1_1CNfa2Dfa.html#a09fd2921b5560b6f30117eca0ae7b30" title="JLex.CNfa2Dfa.in_dstates" alt="" coords="1244,360,1433,387">
<area shape="rect" href="$classJLex_1_1CNfa2Dfa.html#d6a964c7ce2d32dac84e35abc25cccb9" title="JLex.CNfa2Dfa.move" alt="" coords="1259,259,1419,285">
<area shape="rect" href="$classJLex_1_1CMinimize.html#e4e7177e104feee9df49adec499c5b59" title="JLex.CMinimize.minimize" alt="" coords="961,708,1143,735">
<area shape="rect" href="$classJLex_1_1CMinimize.html#a268aa07b6a5c18f8cd01babfc50f986" title="JLex.CMinimize.reduce" alt="" coords="968,607,1136,633">
<area shape="rect" href="$classJLex_1_1CMinimize.html#0a3989f54d7cf8c1f14c6c1784acb3ea" title="JLex.CMinimize.reset" alt="" coords="973,657,1131,684">
<area shape="rect" href="$classJLex_1_1CSimplifyNfa.html#320589f4d609d4163d1584262a7eb0ac" title="JLex.CSimplifyNfa.computeClasses" alt="" coords="1213,613,1464,640">
<area shape="rect" href="$classJLex_1_1CSet.html#da13315760e0aa5d329c2cdd3256957e" title="JLex.CSet.map" alt="" coords="1279,563,1399,589">
<area shape="rect" href="$classJLex_1_1CMakeNfa.html#99b30cc7c2e33b5477409a08963195ba" title="JLex.CMakeNfa.machine" alt="" coords="1248,208,1429,235">
<area shape="rect" href="$classJLex_1_1CMakeNfa.html#a76a5317ef1ed398c9a839339e8c7177" title="JLex.CMakeNfa.reset" alt="" coords="972,277,1132,304">
