<area shape="rect" href="$classJLex_1_1CNfa2Dfa.html#dee864b3e84fc07f15e2700418910211" title="JLex.CNfa2Dfa.add_to_dstates" alt="" coords="263,5,484,32">
<area shape="rect" href="$classJLex_1_1CNfa2Dfa.html#2caeed257dbc523e94e187b6c7ea6854" title="JLex.CNfa2Dfa.e_closure" alt="" coords="281,208,465,235">
<area shape="rect" href="$classJLex_1_1SparseBitSet.html#438adc92dab470431e300899612a0564" title="JLex.SparseBitSet.set" alt="" coords="548,157,711,184">
<area shape="rect" href="$classJLex_1_1CNfa2Dfa.html#505962dbcbb0c2464bcf58bd2832e734" title="JLex.CNfa2Dfa.sortStates" alt="" coords="533,309,725,336">
<area shape="rect" href="$classJLex_1_1CNfa2Dfa.html#3e7205f05fe9cf0d4382bf098150c028" title="JLex.CNfa2Dfa.get_unmarked" alt="" coords="265,107,481,133">
<area shape="rect" href="$classJLex_1_1CNfa2Dfa.html#a09fd2921b5560b6f30117eca0ae7b30" title="JLex.CNfa2Dfa.in_dstates" alt="" coords="279,56,468,83">
<area shape="rect" href="$classJLex_1_1CNfa2Dfa.html#d6a964c7ce2d32dac84e35abc25cccb9" title="JLex.CNfa2Dfa.move" alt="" coords="293,259,453,285">
<area shape="rect" href="$classJLex_1_1SparseBitSet.html#2e6537ce654cabcea750418b0578bb22" title="JLex.SparseBitSet.clone" alt="" coords="541,5,717,32">
<area shape="rect" href="$classJLex_1_1CLexGen.html#b91e7927af411fc3a12a29954482611a" title="JLex.CLexGen.print_set" alt="" coords="543,56,716,83">
<area shape="rect" href="$classJLex_1_1SparseBitSet.html#63303ee738d84b6288fe4c535702e98a" title="JLex.SparseBitSet.get" alt="" coords="796,259,959,285">
<area shape="rect" href="$classJLex_1_1SparseBitSet.html#d224d2f4f64d36f75d8ad4d9e90ae70a" title="JLex.SparseBitSet.bsearch" alt="" coords="1031,208,1223,235">
<area shape="rect" href="$classJLex_1_1SparseBitSet.html#b6b4ab185612eee07da6957e0c4108f7" title="JLex.SparseBitSet.size" alt="" coords="1273,208,1439,235">
<area shape="rect" href="$classJLex_1_1SparseBitSet.html#1ee95f048635524de89414598d1b8cd8" title="JLex.SparseBitSet.new_block" alt="" coords="773,208,981,235">
<area shape="rect" href="$classJLex_1_1CSet.html#8f4d2ad0a7597589dc2fd640db7f3d70" title="JLex.CSet.contains" alt="" coords="557,259,701,285">
