<area shape="rect" href="$classJLex_1_1CSimplifyNfa.html#320589f4d609d4163d1584262a7eb0ac" title="JLex.CSimplifyNfa.computeClasses" alt="" coords="248,196,499,223">
<area shape="rect" href="$classJLex_1_1CSet.html#da13315760e0aa5d329c2cdd3256957e" title="JLex.CSet.map" alt="" coords="313,120,433,147">
<area shape="rect" href="$classJLex_1_1SparseBitSet.html#16194d2ecccccab53a64598e9b834b72" title="JLex.SparseBitSet.and" alt="" coords="559,309,724,336">
<area shape="rect" href="$classJLex_1_1SparseBitSet.html#0d66faf01775c172ddaadc6f137fa3d5" title="JLex.SparseBitSet.clearAll" alt="" coords="548,107,735,133">
<area shape="rect" href="$classJLex_1_1CSet.html#8f4d2ad0a7597589dc2fd640db7f3d70" title="JLex.CSet.contains" alt="" coords="569,259,713,285">
<area shape="rect" href="$classJLex_1_1SparseBitSet.html#63303ee738d84b6288fe4c535702e98a" title="JLex.SparseBitSet.get" alt="" coords="807,259,969,285">
<area shape="rect" href="$classJLex_1_1SparseBitSet.html#438adc92dab470431e300899612a0564" title="JLex.SparseBitSet.set" alt="" coords="560,157,723,184">
<area shape="rect" href="$classJLex_1_1SparseBitSet.html#e5e6335dedf5f5a6b5b44cc669766b73" title="JLex.SparseBitSet.binop" alt="" coords="800,309,976,336">
<area shape="rect" href="$interfaceJLex_1_1SparseBitSet_1_1BinOp.html#3f439283379b6d2ee9b04899a30b2cee" title="JLex.SparseBitSet.BinOp.op" alt="" coords="1041,309,1241,336">
<area shape="rect" href="$classJLex_1_1SparseBitSet.html#b6b4ab185612eee07da6957e0c4108f7" title="JLex.SparseBitSet.size" alt="" coords="1292,107,1457,133">
<area shape="rect" href="$classJLex_1_1SparseBitSet.html#d224d2f4f64d36f75d8ad4d9e90ae70a" title="JLex.SparseBitSet.bsearch" alt="" coords="1045,169,1237,196">
<area shape="rect" href="$classJLex_1_1SparseBitSet.html#1ee95f048635524de89414598d1b8cd8" title="JLex.SparseBitSet.new_block" alt="" coords="784,208,992,235">
<area shape="rect" href="$classJLex_1_1SparseBitSet.html#de4463e9d3ce08656601ef04c1569c81" title="JLex.SparseBitSet.elements" alt="" coords="1040,5,1243,32">
