<area shape="rect" href="$classJLex_1_1CLexGen.html" title="JLex.CLexGen" alt="" coords="776,285,891,312">
<area shape="rect" title="m_nfa2dfa" alt="" coords="583,217,591,225">
<area shape="rect" title="m_nfa2dfa" alt="" coords="772,284,780,292">
<area shape="rect" title="m_lexGen" alt="" coords="816,281,824,289">
<area shape="rect" title="m_lexGen" alt="" coords="620,204,628,212">
<area shape="rect" href="$classJLex_1_1CMakeNfa.html" title="JLex.CMakeNfa" alt="" coords="1213,384,1336,411">
<area shape="rect" title="m_lexGen" alt="" coords="887,308,895,316">
<area shape="rect" title="m_lexGen" alt="" coords="1211,380,1219,388">
<area shape="rect" href="$classJLex_1_1CSpec.html" title="JLex.CSpec" alt="" coords="1019,193,1115,220">
<area shape="rect" title="m_lexGen" alt="" coords="887,284,895,292">
<area shape="rect" title="m_lexGen" alt="" coords="1044,217,1052,225">
<area shape="rect" href="$classJLex_1_1SparseBitSet.html" title="JLex.SparseBitSet" alt="" coords="267,64,405,91">
<area shape="rect" title="all_states" alt="" coords="341,88,349,96">
<area shape="rect" title="all_states" alt="" coords="772,299,780,307">
<area shape="rect" href="$classJLex_1_1CNfa.html" title="JLex.CNfa" alt="" coords="789,64,877,91">
<area shape="rect" title="m_states" alt="" coords="401,73,409,81">
<area shape="rect" title="m_states" alt="" coords="785,73,793,81">
<area shape="rect" href="$classJLex_1_1CSet.html" title="JLex.CSet" alt="" coords="521,9,607,36">
<area shape="rect" title="m_set" alt="" coords="388,60,396,68">
<area shape="rect" title="m_set" alt="" coords="517,29,525,37">
<area shape="rect" href="$interfaceJLex_1_1SparseBitSet_1_1BinOp.html" title="JLex.SparseBitSet.BinOp" alt="" coords="5,64,187,91">
<area shape="rect" title="OR\nAND\nXOR" alt="" coords="183,73,191,81">
<area shape="rect" title="OR\nAND\nXOR" alt="" coords="263,73,271,81">
<area shape="rect" title="m_makeNfa" alt="" coords="1209,407,1217,415">
<area shape="rect" title="m_makeNfa" alt="" coords="840,309,848,317">
<area shape="rect" href="$classJLex_1_1CInput.html" title="JLex.CInput" alt="" coords="516,437,612,464">
<area shape="rect" title="m_input" alt="" coords="604,433,612,441">
<area shape="rect" title="m_input" alt="" coords="816,309,824,317">
<area shape="rect" title="m_input" alt="" coords="609,449,617,457">
<area shape="rect" title="m_input" alt="" coords="1229,408,1237,416">
<area shape="rect" title="m_spec" alt="" coords="1015,193,1023,201">
<area shape="rect" title="m_spec" alt="" coords="620,191,628,199">
<area shape="rect" title="m_spec" alt="" coords="1015,207,1023,215">
<area shape="rect" title="m_spec" alt="" coords="843,281,851,289">
<area shape="rect" title="m_spec" alt="" coords="1079,217,1087,225">
<area shape="rect" title="m_spec" alt="" coords="1256,380,1264,388">
<area shape="rect" href="$classJLex_1_1CEmit.html" title="JLex.CEmit" alt="" coords="1228,127,1321,153">
<area shape="rect" title="m_spec" alt="" coords="1105,189,1113,197">
<area shape="rect" title="m_spec" alt="" coords="1224,151,1232,159">
<area shape="rect" href="$classJLex_1_1CMinimize.html" title="JLex.CMinimize" alt="" coords="1215,240,1335,267">
<area shape="rect" title="m_spec" alt="" coords="1111,213,1119,221">
<area shape="rect" title="m_spec" alt="" coords="1212,236,1220,244">
<area shape="rect" title="m_nfa_start" alt="" coords="868,88,876,96">
<area shape="rect" title="m_nfa_start" alt="" coords="1048,189,1056,197">
<area shape="rect" title="m_next2\nm_next" alt="" coords="791,60,799,68">
<area shape="rect" title="m_next2\nm_next" alt="" coords="868,60,876,68">
<area shape="rect" href="$classJLex_1_1CAccept.html" title="JLex.CAccept" alt="" coords="511,125,617,152">
<area shape="rect" title="m_accept" alt="" coords="615,132,623,140">
<area shape="rect" title="m_accept" alt="" coords="801,88,809,96">
<area shape="rect" title="m_set" alt="" coords="604,27,612,35">
<area shape="rect" title="m_set" alt="" coords="785,63,793,71">
<area shape="rect" href="$classJLex_1_1CSimplifyNfa.html" title="JLex.CSimplifyNfa" alt="" coords="495,347,633,373">
<area shape="rect" title="m_simplifyNfa" alt="" coords="631,351,639,359">
<area shape="rect" title="m_simplifyNfa" alt="" coords="800,309,808,317">
<area shape="rect" title="m_emit" alt="" coords="1224,132,1232,140">
<area shape="rect" title="m_emit" alt="" coords="836,281,844,289">
<area shape="rect" title="m_minimize" alt="" coords="1232,264,1240,272">
<area shape="rect" title="m_minimize" alt="" coords="887,296,895,304">
