<area shape="rect" href="$classJLex_1_1CMakeNfa.html" title="JLex.CMakeNfa" alt="" coords="1213,57,1336,84">
<area shape="rect" title="m_lexGen" alt="" coords="848,213,856,221">
<area shape="rect" title="m_lexGen" alt="" coords="1209,80,1217,88">
<area shape="rect" href="$classJLex_1_1CSpec.html" title="JLex.CSpec" alt="" coords="1019,303,1115,329">
<area shape="rect" title="m_lexGen" alt="" coords="860,241,868,249">
<area shape="rect" title="m_lexGen" alt="" coords="1016,299,1024,307">
<area shape="rect" href="$classJLex_1_1CNfa2Dfa.html" title="JLex.CNfa2Dfa" alt="" coords="1215,303,1335,329">
<area shape="rect" title="m_lexGen" alt="" coords="839,241,847,249">
<area shape="rect" title="m_lexGen" alt="" coords="1255,327,1263,335">
<area shape="rect" href="$classJLex_1_1SparseBitSet.html" title="JLex.SparseBitSet" alt="" coords="267,385,405,412">
<area shape="rect" title="all_states" alt="" coords="355,381,363,389">
<area shape="rect" title="all_states" alt="" coords="772,237,780,245">
<area shape="rect" href="$classJLex_1_1CNfa.html" title="JLex.CNfa" alt="" coords="789,385,877,412">
<area shape="rect" title="m_states" alt="" coords="401,395,409,403">
<area shape="rect" title="m_states" alt="" coords="785,395,793,403">
<area shape="rect" href="$classJLex_1_1CSet.html" title="JLex.CSet" alt="" coords="521,447,607,473">
<area shape="rect" title="m_set" alt="" coords="367,409,375,417">
<area shape="rect" title="m_set" alt="" coords="517,449,525,457">
<area shape="rect" href="$interfaceJLex_1_1SparseBitSet_1_1BinOp.html" title="JLex.SparseBitSet.BinOp" alt="" coords="5,385,187,412">
<area shape="rect" title="OR\nAND\nXOR" alt="" coords="183,395,191,403">
<area shape="rect" title="OR\nAND\nXOR" alt="" coords="263,395,271,403">
<area shape="rect" title="m_makeNfa" alt="" coords="1220,53,1228,61">
<area shape="rect" title="m_makeNfa" alt="" coords="832,213,840,221">
<area shape="rect" href="$classJLex_1_1CInput.html" title="JLex.CInput" alt="" coords="516,84,612,111">
<area shape="rect" title="m_input" alt="" coords="589,108,597,116">
<area shape="rect" title="m_input" alt="" coords="803,213,811,221">
<area shape="rect" title="m_input" alt="" coords="608,80,616,88">
<area shape="rect" title="m_input" alt="" coords="1248,53,1256,61">
<area shape="rect" title="m_spec" alt="" coords="1015,323,1023,331">
<area shape="rect" title="m_spec" alt="" coords="837,241,845,249">
<area shape="rect" title="m_spec" alt="" coords="1076,299,1084,307">
<area shape="rect" title="m_spec" alt="" coords="1255,81,1263,89">
<area shape="rect" title="m_spec" alt="" coords="1111,312,1119,320">
<area shape="rect" title="m_spec" alt="" coords="1211,312,1219,320">
<area shape="rect" href="$classJLex_1_1CEmit.html" title="JLex.CEmit" alt="" coords="1228,391,1321,417">
<area shape="rect" title="m_spec" alt="" coords="1097,327,1105,335">
<area shape="rect" title="m_spec" alt="" coords="1239,387,1247,395">
<area shape="rect" href="$classJLex_1_1CMinimize.html" title="JLex.CMinimize" alt="" coords="1215,165,1335,192">
<area shape="rect" title="m_spec" alt="" coords="1083,299,1091,307">
<area shape="rect" title="m_spec" alt="" coords="1248,189,1256,197">
<area shape="rect" title="m_nfa_start" alt="" coords="873,389,881,397">
<area shape="rect" title="m_nfa_start" alt="" coords="1044,327,1052,335">
<area shape="rect" title="m_next2\nm_next" alt="" coords="791,381,799,389">
<area shape="rect" title="m_next2\nm_next" alt="" coords="868,381,876,389">
<area shape="rect" href="$classJLex_1_1CAccept.html" title="JLex.CAccept" alt="" coords="511,331,617,357">
<area shape="rect" title="m_accept" alt="" coords="615,351,623,359">
<area shape="rect" title="m_accept" alt="" coords="785,384,793,392">
<area shape="rect" title="m_set" alt="" coords="604,453,612,461">
<area shape="rect" title="m_set" alt="" coords="800,409,808,417">
<area shape="rect" title="m_nfa2dfa" alt="" coords="1259,299,1267,307">
<area shape="rect" title="m_nfa2dfa" alt="" coords="887,220,895,228">
<area shape="rect" href="$classJLex_1_1CSimplifyNfa.html" title="JLex.CSimplifyNfa" alt="" coords="495,215,633,241">
<area shape="rect" title="m_simplifyNfa" alt="" coords="631,225,639,233">
<area shape="rect" title="m_simplifyNfa" alt="" coords="772,227,780,235">
<area shape="rect" title="m_emit" alt="" coords="1224,415,1232,423">
<area shape="rect" title="m_emit" alt="" coords="841,241,849,249">
<area shape="rect" title="m_minimize" alt="" coords="1211,167,1219,175">
<area shape="rect" title="m_minimize" alt="" coords="869,213,877,221">
