<area shape="rect" href="$classJLex_1_1CMinimize.html#e4e7177e104feee9df49adec499c5b59" title="JLex.CMinimize.minimize" alt="" coords="229,81,411,108">
<area shape="rect" href="$classJLex_1_1CMinimize.html#a268aa07b6a5c18f8cd01babfc50f986" title="JLex.CMinimize.reduce" alt="" coords="236,233,404,260">
<area shape="rect" href="$classJLex_1_1CMinimize.html#0a3989f54d7cf8c1f14c6c1784acb3ea" title="JLex.CMinimize.reset" alt="" coords="241,284,399,311">
<area shape="rect" href="$classJLex_1_1CMinimize.html#f9b8e2faec49d2317f67cb5a25c93459" title="JLex.CMinimize.fix_dtrans" alt="" coords="463,5,649,32">
<area shape="rect" href="$classJLex_1_1CMinimize.html#99d3b77951cd66847261f1813ac63475" title="JLex.CMinimize.init_groups" alt="" coords="460,56,652,83">
<area shape="rect" href="$classJLex_1_1CMinimize.html#ae20f7e9f41131043a814f5f30a79b7a" title="JLex.CMinimize.pgroups" alt="" coords="701,81,877,108">
<area shape="rect" href="$classJLex_1_1CMinimize.html#e6a60bf99f862ae52af4fe8774df9ddd" title="JLex.CMinimize.pset" alt="" coords="925,81,1077,108">
<area shape="rect" href="$classJLex_1_1CMinimize.html#372370315eb6c781d6e620a282c5576c" title="JLex.CMinimize.col_copy" alt="" coords="467,157,645,184">
<area shape="rect" href="$classJLex_1_1CMinimize.html#d81ab6c90d4485de480505f5069eaa94" title="JLex.CMinimize.col_equiv" alt="" coords="465,208,647,235">
<area shape="rect" href="$classJLex_1_1CMinimize.html#76137f208c8dd6057d1831008312d247" title="JLex.CMinimize.row_copy" alt="" coords="464,259,648,285">
<area shape="rect" href="$classJLex_1_1CMinimize.html#c33886c3362b0f0df20887bd624c43b0" title="JLex.CMinimize.row_equiv" alt="" coords="461,309,651,336">
<area shape="rect" href="$classJLex_1_1CMinimize.html#dfd2e8e6b5c28de379b5bf15186f7e7e" title="JLex.CMinimize.trunc_col" alt="" coords="465,360,647,387">
