<area shape="rect" href="$classdocumentclassifier_1_1PreferencesDialog.html#bf4e17f8cf37c82fcc3128a4eb299148" title="documentclassifier.PreferencesDialog.initComponents" alt="" coords="444,107,812,133">
<area shape="rect" href="$classdocumentclassifier_1_1PreferencesDialog.html#5388d93eae893dc8b454458160951107" title="documentclassifier.PreferencesDialog.initializeInterface" alt="" coords="441,157,815,184">
<area shape="rect" href="$classdocumentclassifier_1_1DocumentClassifierApp.html#b9ddf8ca74c5f650412a87d34d1af656" title="documentclassifier.DocumentClassifierApp.getKFold" alt="" coords="897,5,1255,32">
<area shape="rect" href="$classdocumentclassifier_1_1DocumentClassifierApp.html#1f47d295f6eec224a79cdb0e987a62a2" title="documentclassifier.DocumentClassifierApp.getKFoldMaximum" alt="" coords="865,56,1287,83">
<area shape="rect" href="$classdocumentclassifier_1_1DocumentClassifierApp.html#f59af2d39854011f5417a845d96ba3da" title="documentclassifier.DocumentClassifierApp.getKFoldMinimum" alt="" coords="868,107,1284,133">
<area shape="rect" href="$classdocumentclassifier_1_1DocumentClassifierApp.html#10d37677b53e8c6cef2dbbbcda11ac5a" title="documentclassifier.DocumentClassifierApp.getKNNMaximum" alt="" coords="868,157,1284,184">
<area shape="rect" href="$classdocumentclassifier_1_1DocumentClassifierApp.html#187bbb67d82e8505c10d2b0721d0ef22" title="documentclassifier.DocumentClassifierApp.getTrainingSetSize" alt="" coords="867,208,1285,235">
