<area shape="rect" href="$classdocumentclassifier_1_1DocumentClassifierApp.html#4307a9939daa534d1e1ea5d0fab34d9e" title="documentclassifier.DocumentClassifierApp.getMetric" alt="" coords="548,5,908,32">
<area shape="rect" href="$classdocumentclassifier_1_1DocumentClassifierApp.html#927ed806e9ceb347dc2899dae7cdcb54" title="documentclassifier.DocumentClassifierApp.getPreferences" alt="" coords="528,56,928,83">
<area shape="rect" href="$classdocumentclassifier_1_1DocumentClassifierView.html#92a24245ccb51fff315f435a7a323adc" title="documentclassifier.DocumentClassifierView.initComponents" alt="" coords="525,107,931,133">
<area shape="rect" href="$classdocumentclassifier_1_1DocumentClassifierView.html#486a09b3c16557ba05ac7d328fb90be2" title="documentclassifier.DocumentClassifierView.preferenceChange" alt="" coords="516,157,940,184">
<area shape="rect" href="$classdocumentclassifier_1_1DocumentClassifierView.html#47de9374647d8337e8d3de1933fafd8b" title="documentclassifier.DocumentClassifierView.fieldURLCaretUpdate" alt="" coords="991,107,1433,133">
