<area shape="rect" href="$classJLex_1_1CSet.html#4ed4685c8807164943dcebdf702b6f7d" title="JLex.CSet.add" alt="" coords="256,25,371,52">
<area shape="rect" href="$classJLex_1_1CAlloc.html#68f6dce995a8fba1d7d1a562defba574" title="JLex.CAlloc.newCNfa" alt="" coords="235,76,392,103">
<area shape="rect" href="$classJLex_1_1CAlloc.html#c8144049ff515ce26afe99bb81064311" title="JLex.CAlloc.newCNfaPair" alt="" coords="221,127,405,153">
<area shape="rect" href="$classJLex_1_1SparseBitSet.html#438adc92dab470431e300899612a0564" title="JLex.SparseBitSet.set" alt="" coords="453,25,616,52">
<area shape="rect" href="$classJLex_1_1SparseBitSet.html#d224d2f4f64d36f75d8ad4d9e90ae70a" title="JLex.SparseBitSet.bsearch" alt="" coords="921,25,1113,52">
<area shape="rect" href="$classJLex_1_1SparseBitSet.html#b6b4ab185612eee07da6957e0c4108f7" title="JLex.SparseBitSet.size" alt="" coords="1164,51,1329,77">
<area shape="rect" href="$classJLex_1_1SparseBitSet.html#1ee95f048635524de89414598d1b8cd8" title="JLex.SparseBitSet.new_block" alt="" coords="664,25,872,52">
