<area shape="rect" href="$classJLex_1_1SparseBitSet.html#16194d2ecccccab53a64598e9b834b72" title="JLex.SparseBitSet.and" alt="" coords="239,5,404,32">
<area shape="rect" href="$classJLex_1_1SparseBitSet.html#499583e2fbf1eadc662a30105b7d0646" title="JLex.SparseBitSet.clear" alt="" coords="235,335,408,361">
<area shape="rect" href="$classJLex_1_1SparseBitSet.html#0d66faf01775c172ddaadc6f137fa3d5" title="JLex.SparseBitSet.clearAll" alt="" coords="747,157,933,184">
<area shape="rect" href="$classJLex_1_1SparseBitSet.html#2e6537ce654cabcea750418b0578bb22" title="JLex.SparseBitSet.clone" alt="" coords="233,448,409,475">
<area shape="rect" href="$classJLex_1_1SparseBitSet.html#53fdabe33d905924687e27a3aa9c0ace" title="JLex.SparseBitSet.equals" alt="" coords="229,499,413,525">
<area shape="rect" href="$classJLex_1_1SparseBitSet.html#63303ee738d84b6288fe4c535702e98a" title="JLex.SparseBitSet.get" alt="" coords="495,259,657,285">
<area shape="rect" href="$classJLex_1_1SparseBitSet.html#60a1f4a09681ce5839cdda78f6e73075" title="JLex.SparseBitSet.or" alt="" coords="244,56,399,83">
<area shape="rect" href="$classJLex_1_1SparseBitSet.html#438adc92dab470431e300899612a0564" title="JLex.SparseBitSet.set" alt="" coords="240,397,403,424">
<area shape="rect" href="$classJLex_1_1SparseBitSet.html#df9a7509eb59c6bd2157511c3b3d59f3" title="JLex.SparseBitSet.SparseBitSet" alt="" coords="463,208,689,235">
<area shape="rect" href="$classJLex_1_1SparseBitSet.html#75e39c451e059cb8c07e287ca6c8408a" title="JLex.SparseBitSet.xor" alt="" coords="240,107,403,133">
<area shape="rect" href="$classJLex_1_1SparseBitSet.html#e5e6335dedf5f5a6b5b44cc669766b73" title="JLex.SparseBitSet.binop" alt="" coords="488,56,664,83">
<area shape="rect" href="$interfaceJLex_1_1SparseBitSet_1_1BinOp.html#3f439283379b6d2ee9b04899a30b2cee" title="JLex.SparseBitSet.BinOp.op" alt="" coords="740,56,940,83">
<area shape="rect" href="$classJLex_1_1SparseBitSet.html#d224d2f4f64d36f75d8ad4d9e90ae70a" title="JLex.SparseBitSet.bsearch" alt="" coords="744,360,936,387">
<area shape="rect" href="$classJLex_1_1SparseBitSet.html#b6b4ab185612eee07da6957e0c4108f7" title="JLex.SparseBitSet.size" alt="" coords="991,284,1156,311">
<area shape="rect" href="$classJLex_1_1SparseBitSet.html#1ee95f048635524de89414598d1b8cd8" title="JLex.SparseBitSet.new_block" alt="" coords="472,411,680,437">
