<area shape="rect" href="$classJLex_1_1CEmit.html#589a0bd29354db09354ffcc0a84fa7d6" title="JLex.CEmit.emit_construct" alt="" coords="181,5,376,32">
<area shape="rect" href="$classJLex_1_1CEmit.html#7561550dd4a91293120e00b03be952ab" title="JLex.CEmit.emit_driver" alt="" coords="193,56,364,83">
<area shape="rect" href="$classJLex_1_1CEmit.html#8379d50bedd4d2690f230cbccf849bf4" title="JLex.CEmit.emit_footer" alt="" coords="192,107,365,133">
<area shape="rect" href="$classJLex_1_1CEmit.html#4198b0f6f3ed0499208b5887f4d4f6d5" title="JLex.CEmit.emit_header" alt="" coords="189,157,368,184">
<area shape="rect" href="$classJLex_1_1CEmit.html#f75aeaff145c81760b2bc15d6fed37c2" title="JLex.CEmit.emit_helpers" alt="" coords="188,208,369,235">
<area shape="rect" href="$classJLex_1_1CEmit.html#f05da8dbd5b700bbc4504f79ebc7fe93" title="JLex.CEmit.print_details" alt="" coords="191,259,367,285">
<area shape="rect" href="$classJLex_1_1CEmit.html#254ef558ce4ec5edce2be5508187a182" title="JLex.CEmit.reset" alt="" coords="213,309,344,336">
<area shape="rect" href="$classJLex_1_1CEmit.html#0cb86f0b918e740e7fbc22255fefc13b" title="JLex.CEmit.emit_actions" alt="" coords="425,31,604,57">
<area shape="rect" href="$classJLex_1_1CEmit.html#ba6c9a4bf917e9eb580c7a44323d9252" title="JLex.CEmit.emit_table" alt="" coords="432,81,597,108">
<area shape="rect" href="$classJLex_1_1CEmit.html#a6f9bd773f3384af19a1fb6982daa90b" title="JLex.CEmit.emit_table_as_string" alt="" coords="655,81,884,108">
<area shape="rect" href="$classJLex_1_1CEmit.html#c412423199d2747c812531f590068d86" title="JLex.CEmit.emit_states" alt="" coords="428,208,601,235">
