<area shape="rect" href="$classJLex_1_1CNfa2Dfa.html#5a42be66941c8fcebfbabbbc5ef2a813" title="JLex.CNfa2Dfa.free_dfa_states" alt="" coords="244,56,468,83">
<area shape="rect" href="$classJLex_1_1CNfa2Dfa.html#1707234a323c32fd06821b55add9b88c" title="JLex.CNfa2Dfa.free_nfa_states" alt="" coords="244,107,468,133">
<area shape="rect" href="$classJLex_1_1CNfa2Dfa.html#602ed768476020ba25de0cd1abf3f8ef" title="JLex.CNfa2Dfa.make_dtrans" alt="" coords="252,157,460,184">
<area shape="rect" href="$classJLex_1_1CNfa2Dfa.html#47b187b7b8669a201274ad20346c1351" title="JLex.CNfa2Dfa.reset" alt="" coords="277,208,435,235">
<area shape="rect" href="$classJLex_1_1CNfa2Dfa.html#dee864b3e84fc07f15e2700418910211" title="JLex.CNfa2Dfa.add_to_dstates" alt="" coords="519,5,740,32">
<area shape="rect" href="$classJLex_1_1CNfa2Dfa.html#2caeed257dbc523e94e187b6c7ea6854" title="JLex.CNfa2Dfa.e_closure" alt="" coords="537,208,721,235">
<area shape="rect" href="$classJLex_1_1SparseBitSet.html#438adc92dab470431e300899612a0564" title="JLex.SparseBitSet.set" alt="" coords="804,157,967,184">
<area shape="rect" href="$classJLex_1_1CNfa2Dfa.html#505962dbcbb0c2464bcf58bd2832e734" title="JLex.CNfa2Dfa.sortStates" alt="" coords="789,309,981,336">
<area shape="rect" href="$classJLex_1_1CNfa2Dfa.html#3e7205f05fe9cf0d4382bf098150c028" title="JLex.CNfa2Dfa.get_unmarked" alt="" coords="521,107,737,133">
<area shape="rect" href="$classJLex_1_1CNfa2Dfa.html#a09fd2921b5560b6f30117eca0ae7b30" title="JLex.CNfa2Dfa.in_dstates" alt="" coords="535,56,724,83">
<area shape="rect" href="$classJLex_1_1CNfa2Dfa.html#d6a964c7ce2d32dac84e35abc25cccb9" title="JLex.CNfa2Dfa.move" alt="" coords="549,259,709,285">
<area shape="rect" href="$classJLex_1_1SparseBitSet.html#2e6537ce654cabcea750418b0578bb22" title="JLex.SparseBitSet.clone" alt="" coords="797,5,973,32">
<area shape="rect" href="$classJLex_1_1CLexGen.html#b91e7927af411fc3a12a29954482611a" title="JLex.CLexGen.print_set" alt="" coords="799,56,972,83">
<area shape="rect" href="$classJLex_1_1SparseBitSet.html#63303ee738d84b6288fe4c535702e98a" title="JLex.SparseBitSet.get" alt="" coords="1052,259,1215,285">
<area shape="rect" href="$classJLex_1_1SparseBitSet.html#d224d2f4f64d36f75d8ad4d9e90ae70a" title="JLex.SparseBitSet.bsearch" alt="" coords="1287,208,1479,235">
<area shape="rect" href="$classJLex_1_1SparseBitSet.html#b6b4ab185612eee07da6957e0c4108f7" title="JLex.SparseBitSet.size" alt="" coords="1529,208,1695,235">
<area shape="rect" href="$classJLex_1_1SparseBitSet.html#1ee95f048635524de89414598d1b8cd8" title="JLex.SparseBitSet.new_block" alt="" coords="1029,208,1237,235">
<area shape="rect" href="$classJLex_1_1CSet.html#8f4d2ad0a7597589dc2fd640db7f3d70" title="JLex.CSet.contains" alt="" coords="813,259,957,285">
