<area shape="rect" href="$classJLex_1_1CSet.html#4ed4685c8807164943dcebdf702b6f7d" title="JLex.CSet.add" alt="" coords="1445,107,1560,133">
<area shape="rect" href="$classJLex_1_1SparseBitSet.html#438adc92dab470431e300899612a0564" title="JLex.SparseBitSet.set" alt="" coords="1648,107,1811,133">
<area shape="rect" href="$classJLex_1_1CLexGen.html#ce499526e2413b340991f31b80142b30" title="JLex.CLexGen.advance" alt="" coords="1643,563,1816,589">
<area shape="rect" href="$classJLex_1_1CLexGen.html#f9b31a7590810421e93797ff32ab389d" title="JLex.CLexGen.getStates" alt="" coords="1412,157,1593,184">
<area shape="rect" href="$classJLex_1_1CMakeNfa.html#a44c38cdd08e8d7822a93fa0aed28beb" title="JLex.CMakeNfa.processStates" alt="" coords="235,5,453,32">
<area shape="rect" href="$classJLex_1_1CMakeNfa.html#78f1939c605b3d081b22dc6e7fa0cd41" title="JLex.CMakeNfa.rule" alt="" coords="269,348,419,375">
<area shape="rect" href="$classJLex_1_1SparseBitSet.html#d224d2f4f64d36f75d8ad4d9e90ae70a" title="JLex.SparseBitSet.bsearch" alt="" coords="2127,56,2319,83">
<area shape="rect" href="$classJLex_1_1SparseBitSet.html#b6b4ab185612eee07da6957e0c4108f7" title="JLex.SparseBitSet.size" alt="" coords="2369,56,2535,83">
<area shape="rect" href="$classJLex_1_1SparseBitSet.html#1ee95f048635524de89414598d1b8cd8" title="JLex.SparseBitSet.new_block" alt="" coords="1867,107,2075,133">
<area shape="rect" href="$classJLex_1_1CLexGen.html#749062556097136f47cb56a5e6b30fb6" title="JLex.CLexGen.expandEscape" alt="" coords="1864,537,2077,564">
<area shape="rect" href="$classJLex_1_1CLexGen.html#46b88abce9a75dbbcf64350f9683d0e3" title="JLex.CLexGen.expandMacro" alt="" coords="1868,588,2073,615">
<area shape="rect" href="$classJLex_1_1CInput.html#521a4c51cf1fec9d01c18f089af3d8ef" title="JLex.CInput.getLine" alt="" coords="1896,208,2045,235">
<area shape="rect" href="$classJLex_1_1SparseBitSet.html#63303ee738d84b6288fe4c535702e98a" title="JLex.SparseBitSet.get" alt="" coords="1889,5,2052,32">
<area shape="rect" href="$classJLex_1_1CMakeNfa.html#340f7b071558c9b83746d374c486fdd5" title="JLex.CMakeNfa.expr" alt="" coords="503,385,657,412">
<area shape="rect" href="$classJLex_1_1CLexGen.html#b140bbdf2e503f9368a7aa50f030ce99" title="JLex.CLexGen.packAccept" alt="" coords="707,233,899,260">
<area shape="rect" href="$classJLex_1_1CMakeNfa.html#dcb19480187a1dddf6f85aea83f27bee" title="JLex.CMakeNfa.cat_expr" alt="" coords="712,360,893,387">
<area shape="rect" href="$classJLex_1_1CMakeNfa.html#e86cf68e8de199ff522dbd1944a3acaa" title="JLex.CMakeNfa.discardCNfa" alt="" coords="948,309,1153,336">
<area shape="rect" href="$classJLex_1_1CMakeNfa.html#c309d3650c17341a4a2bf3899c08841f" title="JLex.CMakeNfa.factor" alt="" coords="968,461,1133,488">
<area shape="rect" href="$classJLex_1_1CMakeNfa.html#f2a615dca4fd602f84d60f76564cc322" title="JLex.CMakeNfa.first_in_cat" alt="" coords="953,360,1148,387">
<area shape="rect" href="$classJLex_1_1CNfa.html#b92b131af4fbc641a6b256d768f314ec" title="JLex.CNfa.mimic" alt="" coords="985,259,1116,285">
<area shape="rect" href="$classJLex_1_1CMakeNfa.html#b10ac840c5e7b62e84bd2e991deb5c3d" title="JLex.CMakeNfa.term" alt="" coords="1204,512,1361,539">
<area shape="rect" href="$classJLex_1_1CSet.html#70568d3bb9dddb5c51d59e1b0fd34059" title="JLex.CSet.addncase" alt="" coords="1427,461,1579,488">
<area shape="rect" href="$classJLex_1_1CSet.html#80f0992ff4b6e445f8134ad1189dca6f" title="JLex.CSet.complement" alt="" coords="1417,512,1588,539">
<area shape="rect" href="$classJLex_1_1CMakeNfa.html#608ae842202e835975a99d8b66faf26e" title="JLex.CMakeNfa.dodash" alt="" coords="1416,563,1589,589">
<area shape="rect" href="$classJLex_1_1SparseBitSet.html#2e6537ce654cabcea750418b0578bb22" title="JLex.SparseBitSet.clone" alt="" coords="1415,284,1591,311">
<area shape="rect" href="$classJLex_1_1CSet.html#bcc5ed9e12c0d82ee2f89a464f59d9bc" title="JLex.CSet.mimic" alt="" coords="1219,259,1347,285">
